[27avr.2026 19:33:54.925] [main/INFO] [net.neoforged.fml.startup.Entrypoint/]: JVM Uptime at startup: 109ms
[27avr.2026 19:33:54.932] [main/INFO] [net.neoforged.fml.loading.FMLLoader/]: Starting FancyModLoader version 10.0.36 (CLIENT in DEV)
[27avr.2026 19:33:54.932] [main/INFO] [net.neoforged.fml.loading.FMLLoader/]: Game directory: C:\Users\Gaspard du Reau\Documents\java for mc\DescendreNeoForge\runs\client
[27avr.2026 19:33:54.933] [main/DEBUG] [net.neoforged.fml.loading.FMLPaths/CORE]: Path GAMEDIR is C:\Users\Gaspard du Reau\Documents\java for mc\DescendreNeoForge\runs\client
[27avr.2026 19:33:54.933] [main/DEBUG] [net.neoforged.fml.loading.FMLPaths/CORE]: Path JIJ_CACHEDIR is C:\Users\Gaspard du Reau\Documents\java for mc\DescendreNeoForge\runs\client\.cache\jij
[27avr.2026 19:33:54.933] [main/DEBUG] [net.neoforged.fml.loading.FMLPaths/CORE]: Path MODSDIR is C:\Users\Gaspard du Reau\Documents\java for mc\DescendreNeoForge\runs\client\mods
[27avr.2026 19:33:54.933] [main/DEBUG] [net.neoforged.fml.loading.FMLPaths/CORE]: Path CONFIGDIR is C:\Users\Gaspard du Reau\Documents\java for mc\DescendreNeoForge\runs\client\config
[27avr.2026 19:33:54.933] [main/DEBUG] [net.neoforged.fml.loading.FMLPaths/CORE]: Path FMLCONFIG is C:\Users\Gaspard du Reau\Documents\java for mc\DescendreNeoForge\runs\client\config\fml.toml
[27avr.2026 19:33:54.968] [ForkJoinPool.commonPool-worker-8/DEBUG] [net.neoforged.fml.loading.EarlyServiceDiscovery/]: C:\Users\Gaspard du Reau\.gradle\caches\modules-2\files-2.1\net.neoforged.fancymodloader\earlydisplay\10.0.36\dbd0e11d545443f602addede111c39d9639708f9\earlydisplay-10.0.36.jar contains early service net.neoforged.neoforgespi.earlywindow.ImmediateWindowProvider
[27avr.2026 19:33:54.969] [ForkJoinPool.commonPool-worker-13/DEBUG] [net.neoforged.fml.loading.EarlyServiceDiscovery/]: C:\Users\Gaspard du Reau\.gradle\caches\modules-2\files-2.1\net.neoforged.fancymodloader\loader\10.0.36\f72ab4d3e755fe736829883d90430a281527aca\loader-10.0.36.jar contains early service net.neoforged.neoforgespi.locating.IDependencyLocator
[27avr.2026 19:33:54.980] [ForkJoinPool.commonPool-worker-13/DEBUG] [net.neoforged.fml.loading.moddiscovery.ModFile/LOADING]: Loading mod file C:\Users\Gaspard du Reau\.gradle\caches\modules-2\files-2.1\net.neoforged.fancymodloader\loader\10.0.36\f72ab4d3e755fe736829883d90430a281527aca\loader-10.0.36.jar with languages []
[27avr.2026 19:33:54.980] [ForkJoinPool.commonPool-worker-8/DEBUG] [net.neoforged.fml.loading.moddiscovery.ModFile/LOADING]: Loading mod file C:\Users\Gaspard du Reau\.gradle\caches\modules-2\files-2.1\net.neoforged.fancymodloader\earlydisplay\10.0.36\dbd0e11d545443f602addede111c39d9639708f9\earlydisplay-10.0.36.jar with languages []
[27avr.2026 19:33:54.981] [main/INFO] [net.neoforged.fml.loading.EarlyServiceDiscovery/]: Found 2 early service jars (out of 108) in 21ms
[27avr.2026 19:33:54.981] [main/INFO] [net.neoforged.fml.loading.FMLLoader/]: Loading FML Early Services:
[27avr.2026 19:33:54.982] [main/INFO] [net.neoforged.fml.loading.FMLLoader/]:  - C:/Users/Gaspard du Reau/.gradle/caches/modules-2/files-2.1/net.neoforged.fancymodloader/earlydisplay/10.0.36/dbd0e11d545443f602addede111c39d9639708f9/earlydisplay-10.0.36.jar
[27avr.2026 19:33:54.982] [main/INFO] [net.neoforged.fml.loading.FMLLoader/]:  - C:/Users/Gaspard du Reau/.gradle/caches/modules-2/files-2.1/net.neoforged.fancymodloader/loader/10.0.36/f72ab4d3e755fe736829883d90430a281527aca/loader-10.0.36.jar
[27avr.2026 19:33:54.986] [main/DEBUG] [net.neoforged.fml.util.ServiceLoaderUtil/CORE]: Found 0 implementations of GraphicsBootstrapper:
[27avr.2026 19:33:54.986] [main/INFO] [net.neoforged.fml.loading.ImmediateWindowHandler/]: Loading ImmediateWindowProvider fmlearlywindow
[27avr.2026 19:33:54.989] [main/DEBUG] [net.neoforged.fml.util.ServiceLoaderUtil/CORE]: Found 1 implementations of ImmediateWindowProvider:
[27avr.2026 19:33:54.990] [main/DEBUG] [net.neoforged.fml.util.ServiceLoaderUtil/CORE]: 	net.neoforged.fml.earlydisplay.DisplayWindow from C:/Users/Gaspard du Reau/.gradle/caches/modules-2/files-2.1/net.neoforged.fancymodloader/earlydisplay/10.0.36/dbd0e11d545443f602addede111c39d9639708f9/earlydisplay-10.0.36.jar
[27avr.2026 19:33:55.024] [main/DEBUG] [net.neoforged.fml.earlydisplay.theme.ThemeLoader/]: Loading built-in theme default
[27avr.2026 19:33:55.333] [ForkJoinPool.commonPool-worker-7/DEBUG] [net.neoforged.fml.util.ServiceLoaderUtil/CORE]: Found 4 implementations of IModFileCandidateLocator:
[27avr.2026 19:33:55.333] [ForkJoinPool.commonPool-worker-7/DEBUG] [net.neoforged.fml.util.ServiceLoaderUtil/CORE]: 	    1000 - [built-in] net.neoforged.fml.loading.moddiscovery.locators.GameLocator from C:/Users/Gaspard du Reau/.gradle/caches/modules-2/files-2.1/net.neoforged.fancymodloader/loader/10.0.36/f72ab4d3e755fe736829883d90430a281527aca/loader-10.0.36.jar
[27avr.2026 19:33:55.333] [ForkJoinPool.commonPool-worker-7/DEBUG] [net.neoforged.fml.util.ServiceLoaderUtil/CORE]: 	    1000 - [built-in] net.neoforged.fml.loading.moddiscovery.locators.InDevFolderLocator from C:/Users/Gaspard du Reau/.gradle/caches/modules-2/files-2.1/net.neoforged.fancymodloader/loader/10.0.36/f72ab4d3e755fe736829883d90430a281527aca/loader-10.0.36.jar
[27avr.2026 19:33:55.334] [ForkJoinPool.commonPool-worker-7/DEBUG] [net.neoforged.fml.util.ServiceLoaderUtil/CORE]: 	    1000 - [built-in] net.neoforged.fml.loading.moddiscovery.locators.InDevJarLocator from C:/Users/Gaspard du Reau/.gradle/caches/modules-2/files-2.1/net.neoforged.fancymodloader/loader/10.0.36/f72ab4d3e755fe736829883d90430a281527aca/loader-10.0.36.jar
[27avr.2026 19:33:55.334] [ForkJoinPool.commonPool-worker-7/DEBUG] [net.neoforged.fml.util.ServiceLoaderUtil/CORE]: 	       0 - [built-in] net.neoforged.fml.loading.moddiscovery.locators.ModsFolderLocator from C:/Users/Gaspard du Reau/.gradle/caches/modules-2/files-2.1/net.neoforged.fancymodloader/loader/10.0.36/f72ab4d3e755fe736829883d90430a281527aca/loader-10.0.36.jar
[27avr.2026 19:33:55.335] [ForkJoinPool.commonPool-worker-7/DEBUG] [net.neoforged.fml.util.ServiceLoaderUtil/CORE]: Found 2 implementations of IModFileReader:
[27avr.2026 19:33:55.335] [ForkJoinPool.commonPool-worker-7/DEBUG] [net.neoforged.fml.util.ServiceLoaderUtil/CORE]: 	       0 - net.neoforged.fml.loading.moddiscovery.readers.JarModsDotTomlModFileReader from C:/Users/Gaspard du Reau/.gradle/caches/modules-2/files-2.1/net.neoforged.fancymodloader/loader/10.0.36/f72ab4d3e755fe736829883d90430a281527aca/loader-10.0.36.jar
[27avr.2026 19:33:55.336] [ForkJoinPool.commonPool-worker-7/DEBUG] [net.neoforged.fml.util.ServiceLoaderUtil/CORE]: 	   -1000 - net.neoforged.fml.loading.moddiscovery.readers.NestedLibraryModReader from C:/Users/Gaspard du Reau/.gradle/caches/modules-2/files-2.1/net.neoforged.fancymodloader/loader/10.0.36/f72ab4d3e755fe736829883d90430a281527aca/loader-10.0.36.jar
[27avr.2026 19:33:55.337] [ForkJoinPool.commonPool-worker-7/DEBUG] [net.neoforged.fml.util.ServiceLoaderUtil/CORE]: Found 1 implementations of IDependencyLocator:
[27avr.2026 19:33:55.337] [ForkJoinPool.commonPool-worker-7/DEBUG] [net.neoforged.fml.util.ServiceLoaderUtil/CORE]: 	       0 - net.neoforged.fml.loading.moddiscovery.locators.JarInJarDependencyLocator from C:/Users/Gaspard du Reau/.gradle/caches/modules-2/files-2.1/net.neoforged.fancymodloader/loader/10.0.36/f72ab4d3e755fe736829883d90430a281527aca/loader-10.0.36.jar
[27avr.2026 19:33:55.362] [ForkJoinPool.commonPool-worker-7/DEBUG] [net.neoforged.fml.loading.moddiscovery.locators.RequiredSystemFiles/]: Found NeoForge MANIFEST.MF in jar(C:/Users/Gaspard du Reau/Documents/java for mc/DescendreNeoForge/.gradle/repositories/ng_dummy_ng/net/neoforged/neoforge/21.11.42/neoforge-21.11.42.jar)
[27avr.2026 19:33:55.363] [ForkJoinPool.commonPool-worker-7/INFO] [net.neoforged.fml.loading.moddiscovery.locators.GameLocator/]: Detected a joined NeoForge and Minecraft configuration. Applying filtering...
[27avr.2026 19:33:55.423] [ForkJoinPool.commonPool-worker-7/DEBUG] [net.neoforged.fml.loading.moddiscovery.ModFileInfo/LOADING]: Found valid mod file client-1.21.11-client-extra.jar with {minecraft} mods - versions {1.21.11}
[27avr.2026 19:33:55.425] [ForkJoinPool.commonPool-worker-7/DEBUG] [net.neoforged.fml.loading.moddiscovery.ModFile/LOADING]: Loading mod file C:\Users\Gaspard du Reau\Documents\java for mc\DescendreNeoForge\.gradle\repositories\ng_dummy_ng\net\minecraft\client\1.21.11\client-1.21.11-client-extra.jar with languages [LanguageSpec[languageName=minecraft, acceptedVersions=1]]
[27avr.2026 19:33:55.426] [ForkJoinPool.commonPool-worker-7/DEBUG] [net.neoforged.fml.loading.moddiscovery.ModFileParser/LOADING]: Considering mod file candidate C:\Users\Gaspard du Reau\Documents\java for mc\DescendreNeoForge\.gradle\repositories\ng_dummy_ng\net\neoforged\neoforge\21.11.42\neoforge-21.11.42.jar
[27avr.2026 19:33:55.428] [ForkJoinPool.commonPool-worker-7/DEBUG] [net.neoforged.fml.loading.moddiscovery.ModFileInfo/LOADING]: Found valid mod file neoforge-21.11.42.jar with {neoforge} mods - versions {21.11.42}
[27avr.2026 19:33:55.428] [ForkJoinPool.commonPool-worker-7/DEBUG] [net.neoforged.fml.loading.moddiscovery.ModFile/LOADING]: Loading mod file C:\Users\Gaspard du Reau\Documents\java for mc\DescendreNeoForge\.gradle\repositories\ng_dummy_ng\net\neoforged\neoforge\21.11.42\neoforge-21.11.42.jar with languages [LanguageSpec[languageName=javafml, acceptedVersions=[3,]]]
[27avr.2026 19:33:55.432] [ForkJoinPool.commonPool-worker-7/DEBUG] [net.neoforged.fml.loading.moddiscovery.ModFile/LOADING]: Found mixin config MixinConfig[config=neoforge.mixins.json, requiredMods=[], behaviorVersion=null]
[27avr.2026 19:33:55.433] [ForkJoinPool.commonPool-worker-7/INFO] [net.neoforged.fml.loading.moddiscovery.locators.InDevFolderLocator/CORE]: Got mod coordinates DescendreNeoForge%%C:\Users\Gaspard du Reau\Documents\java for mc\DescendreNeoForge\build\resources\main;DescendreNeoForge%%C:\Users\Gaspard du Reau\Documents\java for mc\DescendreNeoForge\build\classes\java\main from env
[27avr.2026 19:33:55.440] [ForkJoinPool.commonPool-worker-7/DEBUG] [net.neoforged.fml.loading.moddiscovery.ModFileParser/LOADING]: Considering mod file candidate C:\Users\Gaspard du Reau\Documents\java for mc\DescendreNeoForge\build\resources\main
[27avr.2026 19:33:55.447] [ForkJoinPool.commonPool-worker-7/DEBUG] [net.neoforged.fml.loading.moddiscovery.ModFileInfo/LOADING]: Found valid mod file main with {descendre} mods - versions {0.1.0}
[27avr.2026 19:33:55.447] [ForkJoinPool.commonPool-worker-7/DEBUG] [net.neoforged.fml.loading.moddiscovery.ModFile/LOADING]: Loading mod file C:\Users\Gaspard du Reau\Documents\java for mc\DescendreNeoForge\build\resources\main with languages [LanguageSpec[languageName=javafml, acceptedVersions=[4,)]]
[27avr.2026 19:33:55.447] [ForkJoinPool.commonPool-worker-7/DEBUG] [net.neoforged.fml.loading.moddiscovery.ModFile/LOADING]: Found mixin config MixinConfig[config=descendre.mixins.json, requiredMods=[], behaviorVersion=null]
[27avr.2026 19:33:55.454] [fml-loadingscreen/INFO] [net.neoforged.fml.earlydisplay.render.LoadingScreenRenderer/]: GL info: AMD Radeon RX 7900 GRE GL version 3.3.0 Core Profile Context 24.7.1.240711, ATI Technologies Inc.
[27avr.2026 19:33:55.458] [ForkJoinPool.commonPool-worker-7/DEBUG] [net.neoforged.fml.loading.moddiscovery.ModDiscoverer/]: Skipping C:\Users\Gaspard du Reau\Documents\java for mc\DescendreNeoForge\.gradle\repositories\ng_dummy_ng\net\neoforged\neoforge\21.11.42\neoforge-21.11.42.jar because it was already located earlier
[27avr.2026 19:33:55.474] [ForkJoinPool.commonPool-worker-7/DEBUG] [net.neoforged.fml.loading.moddiscovery.ModFile/LOADING]: Loading mod file C:\Users\Gaspard du Reau\.gradle\caches\modules-2\files-2.1\io.github.llamalad7\mixinextras-neoforge\0.5.3\a0919957808de97707c5fb4ce073e66aeef3e187\mixinextras-neoforge-0.5.3.jar with languages []
[27avr.2026 19:33:55.564] [ForkJoinPool.commonPool-worker-7/DEBUG] [net.neoforged.fml.loading.moddiscovery.ModFile/LOADING]: Loading mod file C:\Users\Gaspard du Reau\Documents\java for mc\DescendreNeoForge\runs\client\.cache\jij\9822e773bd9f42d36ed53ea3d67486207291747a7bfacc29beeb92040721bc9b\mixinextras-neoforge-0.5.3.jar with languages []
[27avr.2026 19:33:55.566] [ForkJoinPool.commonPool-worker-7/DEBUG] [net.neoforged.fml.loading.moddiscovery.ModFile/LOADING]: Loading mod file C:\Users\Gaspard du Reau\Documents\java for mc\DescendreNeoForge\runs\client\.cache\jij\54bb3c61f37ced77ba30dc02ca5b2f71ced259612101a8b1325855cff9d9755c\net.neoforged.neoforge-coremods-21.11.42.jar with languages []
[27avr.2026 19:33:55.598] [ForkJoinPool.commonPool-worker-7/WARN] [net.neoforged.jarjar.selection.JarSelector/]: Attempted to select a dependency jar for JarJar which was passed in as source: library:mixinextras.neoforge. Using jar(C:/Users/Gaspard du Reau/.gradle/caches/modules-2/files-2.1/io.github.llamalad7/mixinextras-neoforge/0.5.3/a0919957808de97707c5fb4ce073e66aeef3e187/mixinextras-neoforge-0.5.3.jar)
[27avr.2026 19:33:55.598] [ForkJoinPool.commonPool-worker-7/INFO] [net.neoforged.fml.loading.moddiscovery.locators.JarInJarDependencyLocator/]: Found 1 dependencies adding them to mods collection
[27avr.2026 19:33:55.599] [ForkJoinPool.commonPool-worker-7/INFO] [net.neoforged.fml.loading.moddiscovery.ModDiscoverer/]: 
     Mod List:
		Name Version (Mod Id)

		Descendre 0.1.0 (descendre)
		Minecraft 1.21.11 (minecraft)
		NeoForge 21.11.42 (neoforge)
[27avr.2026 19:33:55.601] [ForkJoinPool.commonPool-worker-7/DEBUG] [net.neoforged.fml.loading.ModSorter/]: Configured system mods: [minecraft, neoforge]
[27avr.2026 19:33:55.603] [ForkJoinPool.commonPool-worker-7/DEBUG] [net.neoforged.fml.loading.ModSorter/]: Found system mod: minecraft
[27avr.2026 19:33:55.603] [ForkJoinPool.commonPool-worker-7/DEBUG] [net.neoforged.fml.loading.ModSorter/]: Found system mod: neoforge
[27avr.2026 19:33:55.604] [ForkJoinPool.commonPool-worker-7/DEBUG] [net.neoforged.fml.loading.ModSorter/LOADING]: Found 2 mod requirements (2 mandatory, 0 optional)
[27avr.2026 19:33:55.604] [ForkJoinPool.commonPool-worker-7/DEBUG] [net.neoforged.fml.loading.ModSorter/LOADING]: Found 0 mod requirements missing (0 mandatory, 0 optional)
[27avr.2026 19:33:55.789] [main/INFO] [mixin/]: SpongePowered MIXIN Subsystem Version=0.8.7 Source=file:/C:/Users/Gaspard%20du%20Reau/.gradle/caches/modules-2/files-2.1/net.fabricmc/sponge-mixin/0.16.5+mixin.0.8.7/80fc3a9f592673cea87f4cd702f87991c6c9fe4d/sponge-mixin-0.16.5+mixin.0.8.7.jar Service=FML Env=CLIENT
[27avr.2026 19:33:55.832] [main/DEBUG] [mixin/]: Initialising Mixin Platform Manager
[27avr.2026 19:33:55.832] [main/DEBUG] [mixin/]: Adding mixin platform agents for container ContainerHandleVirtual(fml:18c85)
[27avr.2026 19:33:55.835] [main/DEBUG] [mixin/]: Instancing new MixinPlatformAgentDefault for ContainerHandleVirtual(fml:18c85)
[27avr.2026 19:33:55.837] [main/DEBUG] [mixin/]: MixinPlatformAgentDefault accepted container ContainerHandleVirtual(fml:18c85)
[27avr.2026 19:33:55.837] [main/DEBUG] [mixin/]: Instancing new MixinPlatformAgentDefault for ContainerHandleVirtual(fml:18c85)
[27avr.2026 19:33:55.837] [main/DEBUG] [mixin/]: MixinPlatformAgentDefault accepted container ContainerHandleVirtual(fml:18c85)
[27avr.2026 19:33:55.837] [main/DEBUG] [mixin/]: Processing prepare() for PlatformAgent[MixinPlatformAgentDefault:ContainerHandleVirtual(fml:18c85)]
[27avr.2026 19:33:55.837] [main/DEBUG] [mixin/]: Processing prepare() for PlatformAgent[MixinPlatformAgentDefault:ContainerHandleVirtual(fml:18c85)]
[27avr.2026 19:33:55.842] [main/INFO] [net.neoforged.fml.loading.FMLLoader/]: Loading FML Plugins:
[27avr.2026 19:33:55.843] [main/INFO] [net.neoforged.fml.loading.FMLLoader/]:  - C:/Users/Gaspard du Reau/Documents/java for mc/DescendreNeoForge/.gradle/repositories/ng_dummy_ng/net/neoforged/neoforge/21.11.42/neoforge-21.11.42.jar > net.neoforged.neoforge-coremods-21.11.42.jar
[27avr.2026 19:33:55.850] [main/DEBUG] [net.neoforged.fml.util.ServiceLoaderUtil/CORE]: Found 2 implementations of IModLanguageLoader:
[27avr.2026 19:33:55.851] [main/DEBUG] [net.neoforged.fml.util.ServiceLoaderUtil/CORE]: 	net.neoforged.fml.javafmlmod.FMLJavaModLanguageProvider from C:/Users/Gaspard du Reau/.gradle/caches/modules-2/files-2.1/net.neoforged.fancymodloader/loader/10.0.36/f72ab4d3e755fe736829883d90430a281527aca/loader-10.0.36.jar
[27avr.2026 19:33:55.851] [main/DEBUG] [net.neoforged.fml.util.ServiceLoaderUtil/CORE]: 	net.neoforged.fml.mclanguageprovider.MinecraftModLanguageProvider from C:/Users/Gaspard du Reau/.gradle/caches/modules-2/files-2.1/net.neoforged.fancymodloader/loader/10.0.36/f72ab4d3e755fe736829883d90430a281527aca/loader-10.0.36.jar
[27avr.2026 19:33:55.852] [main/DEBUG] [net.neoforged.fml.loading.LanguageProviderLoader/CORE]: Found language provider javafml, version 10.0
[27avr.2026 19:33:55.853] [main/DEBUG] [net.neoforged.fml.loading.LanguageProviderLoader/CORE]: Found language provider minecraft, version 10.0
[27avr.2026 19:33:55.862] [main/DEBUG] [net.neoforged.fml.loading.FMLLoader/]: Adding Access Transformer META-INF/accesstransformer.cfg in composite(filtered(jar(C:/Users/Gaspard du Reau/Documents/java for mc/DescendreNeoForge/.gradle/repositories/ng_dummy_ng/net/neoforged/neoforge/21.11.42/neoforge-21.11.42.jar)))
[27avr.2026 19:33:55.890] [main/DEBUG] [net.neoforged.fml.loading.FMLLoader/]: Adding Access Transformer META-INF/accesstransformergenerated.cfg in composite(filtered(jar(C:/Users/Gaspard du Reau/Documents/java for mc/DescendreNeoForge/.gradle/repositories/ng_dummy_ng/net/neoforged/neoforge/21.11.42/neoforge-21.11.42.jar)))
[27avr.2026 19:33:55.906] [main/DEBUG] [net.neoforged.fml.util.ServiceLoaderUtil/CORE]: Found 5 implementations of ClassProcessor:
[27avr.2026 19:33:55.906] [main/DEBUG] [net.neoforged.fml.util.ServiceLoaderUtil/CORE]: 	[built-in] net.neoforged.fml.common.asm.AccessTransformerService from C:/Users/Gaspard du Reau/.gradle/caches/modules-2/files-2.1/net.neoforged.fancymodloader/loader/10.0.36/f72ab4d3e755fe736829883d90430a281527aca/loader-10.0.36.jar
[27avr.2026 19:33:55.906] [main/DEBUG] [net.neoforged.fml.util.ServiceLoaderUtil/CORE]: 	[built-in] net.neoforged.fml.common.asm.enumextension.RuntimeEnumExtender from C:/Users/Gaspard du Reau/.gradle/caches/modules-2/files-2.1/net.neoforged.fancymodloader/loader/10.0.36/f72ab4d3e755fe736829883d90430a281527aca/loader-10.0.36.jar
[27avr.2026 19:33:55.906] [main/DEBUG] [net.neoforged.fml.util.ServiceLoaderUtil/CORE]: 	[built-in] net.neoforged.fml.common.asm.SimpleProcessorsGroup from C:/Users/Gaspard du Reau/.gradle/caches/modules-2/files-2.1/net.neoforged.fancymodloader/loader/10.0.36/f72ab4d3e755fe736829883d90430a281527aca/loader-10.0.36.jar
[27avr.2026 19:33:55.907] [main/DEBUG] [net.neoforged.fml.util.ServiceLoaderUtil/CORE]: 	[built-in] net.neoforged.fml.loading.moddiscovery.locators.NeoForgeDevDistCleaner from C:/Users/Gaspard du Reau/.gradle/caches/modules-2/files-2.1/net.neoforged.fancymodloader/loader/10.0.36/f72ab4d3e755fe736829883d90430a281527aca/loader-10.0.36.jar
[27avr.2026 19:33:55.907] [main/DEBUG] [net.neoforged.fml.util.ServiceLoaderUtil/CORE]: 	[built-in] net.neoforged.fml.loading.mixin.FMLMixinClassProcessor from C:/Users/Gaspard du Reau/.gradle/caches/modules-2/files-2.1/net.neoforged.fancymodloader/loader/10.0.36/f72ab4d3e755fe736829883d90430a281527aca/loader-10.0.36.jar
[27avr.2026 19:33:55.909] [main/DEBUG] [net.neoforged.fml.util.ServiceLoaderUtil/CORE]: Found 1 implementations of ClassProcessorProvider:
[27avr.2026 19:33:55.911] [main/DEBUG] [net.neoforged.fml.util.ServiceLoaderUtil/CORE]: 	net.neoforged.neoforge.coremods.NeoForgeCoreMod from C:/Users/Gaspard du Reau/Documents/java for mc/DescendreNeoForge/.gradle/repositories/ng_dummy_ng/net/neoforged/neoforge/21.11.42/neoforge-21.11.42.jar > net.neoforged.neoforge-coremods-21.11.42.jar
[27avr.2026 19:33:55.955] [main/DEBUG] [net.neoforged.fml.loading.FMLLoader/]: Masking classpath elements: [C:/Users/Gaspard du Reau/Documents/java for mc/DescendreNeoForge/build/resources/main, C:/Users/Gaspard du Reau/Documents/java for mc/DescendreNeoForge/.gradle/repositories/ng_dummy_ng/net/neoforged/neoforge/21.11.42/neoforge-21.11.42.jar, C:/Users/Gaspard du Reau/Documents/java for mc/DescendreNeoForge/.gradle/repositories/ng_dummy_ng/net/minecraft/client/1.21.11/client-1.21.11-client-extra.jar, C:/Users/Gaspard du Reau/Documents/java for mc/DescendreNeoForge/build/classes/java/main, C:/Users/Gaspard du Reau/.gradle/caches/modules-2/files-2.1/io.github.llamalad7/mixinextras-neoforge/0.5.3/a0919957808de97707c5fb4ce073e66aeef3e187/mixinextras-neoforge-0.5.3.jar]
[27avr.2026 19:33:55.965] [main/INFO] [net.neoforged.fml.loading.FMLLoader/]: Building game content classloader:
 - descendre (composite(folder(C:/Users/Gaspard du Reau/Documents/java for mc/DescendreNeoForge/build/resources/main), folder(C:/Users/Gaspard du Reau/Documents/java for mc/DescendreNeoForge/build/classes/java/main)))
 - minecraft (composite(jar(C:/Users/Gaspard du Reau/Documents/java for mc/DescendreNeoForge/.gradle/repositories/ng_dummy_ng/net/minecraft/client/1.21.11/client-1.21.11-client-extra.jar), filtered(jar(C:/Users/Gaspard du Reau/Documents/java for mc/DescendreNeoForge/.gradle/repositories/ng_dummy_ng/net/neoforged/neoforge/21.11.42/neoforge-21.11.42.jar))))
 - mixinextras.neoforge (jar(C:/Users/Gaspard du Reau/.gradle/caches/modules-2/files-2.1/io.github.llamalad7/mixinextras-neoforge/0.5.3/a0919957808de97707c5fb4ce073e66aeef3e187/mixinextras-neoforge-0.5.3.jar))
 - neoforge (composite(filtered(jar(C:/Users/Gaspard du Reau/Documents/java for mc/DescendreNeoForge/.gradle/repositories/ng_dummy_ng/net/neoforged/neoforge/21.11.42/neoforge-21.11.42.jar))))
 - net.neoforged.fml.generated (empty(VirtualJar/net.neoforged.fml.generated))
[27avr.2026 19:33:55.982] [main/INFO] [net.neoforged.fml.loading.FMLLoader/]: Built game content classloader in 27ms
[27avr.2026 19:33:56.070] [main/DEBUG] [mixin/]: Processing launch tasks for PlatformAgent[MixinPlatformAgentDefault:ContainerHandleVirtual(fml:18c85)]
[27avr.2026 19:33:56.070] [main/DEBUG] [mixin/]: Processing launch tasks for PlatformAgent[MixinPlatformAgentDefault:ContainerHandleVirtual(fml:18c85)]
[27avr.2026 19:33:56.070] [main/DEBUG] [mixin/]: Adding agents for Mixin Container composite(filtered(jar(C:/Users/Gaspard du Reau/Documents/java for mc/DescendreNeoForge/.gradle/repositories/ng_dummy_ng/net/neoforged/neoforge/21.11.42/neoforge-21.11.42.jar))) > jar(C:/Users/Gaspard du Reau/Documents/java for mc/DescendreNeoForge/.gradle/repositories/ng_dummy_ng/net/neoforged/neoforge/21.11.42/neoforge-21.11.42.jar > net.neoforged.neoforge-coremods-21.11.42.jar)
[27avr.2026 19:33:56.070] [main/DEBUG] [mixin/]: Adding mixin platform agents for container composite(filtered(jar(C:/Users/Gaspard du Reau/Documents/java for mc/DescendreNeoForge/.gradle/repositories/ng_dummy_ng/net/neoforged/neoforge/21.11.42/neoforge-21.11.42.jar))) > jar(C:/Users/Gaspard du Reau/Documents/java for mc/DescendreNeoForge/.gradle/repositories/ng_dummy_ng/net/neoforged/neoforge/21.11.42/neoforge-21.11.42.jar > net.neoforged.neoforge-coremods-21.11.42.jar)
[27avr.2026 19:33:56.070] [main/DEBUG] [mixin/]: Instancing new MixinPlatformAgentDefault for composite(filtered(jar(C:/Users/Gaspard du Reau/Documents/java for mc/DescendreNeoForge/.gradle/repositories/ng_dummy_ng/net/neoforged/neoforge/21.11.42/neoforge-21.11.42.jar))) > jar(C:/Users/Gaspard du Reau/Documents/java for mc/DescendreNeoForge/.gradle/repositories/ng_dummy_ng/net/neoforged/neoforge/21.11.42/neoforge-21.11.42.jar > net.neoforged.neoforge-coremods-21.11.42.jar)
[27avr.2026 19:33:56.070] [main/DEBUG] [mixin/]: MixinPlatformAgentDefault accepted container composite(filtered(jar(C:/Users/Gaspard du Reau/Documents/java for mc/DescendreNeoForge/.gradle/repositories/ng_dummy_ng/net/neoforged/neoforge/21.11.42/neoforge-21.11.42.jar))) > jar(C:/Users/Gaspard du Reau/Documents/java for mc/DescendreNeoForge/.gradle/repositories/ng_dummy_ng/net/neoforged/neoforge/21.11.42/neoforge-21.11.42.jar > net.neoforged.neoforge-coremods-21.11.42.jar)
[27avr.2026 19:33:56.070] [main/DEBUG] [mixin/]: Instancing new MixinPlatformAgentDefault for composite(filtered(jar(C:/Users/Gaspard du Reau/Documents/java for mc/DescendreNeoForge/.gradle/repositories/ng_dummy_ng/net/neoforged/neoforge/21.11.42/neoforge-21.11.42.jar))) > jar(C:/Users/Gaspard du Reau/Documents/java for mc/DescendreNeoForge/.gradle/repositories/ng_dummy_ng/net/neoforged/neoforge/21.11.42/neoforge-21.11.42.jar > net.neoforged.neoforge-coremods-21.11.42.jar)
[27avr.2026 19:33:56.070] [main/DEBUG] [mixin/]: MixinPlatformAgentDefault accepted container composite(filtered(jar(C:/Users/Gaspard du Reau/Documents/java for mc/DescendreNeoForge/.gradle/repositories/ng_dummy_ng/net/neoforged/neoforge/21.11.42/neoforge-21.11.42.jar))) > jar(C:/Users/Gaspard du Reau/Documents/java for mc/DescendreNeoForge/.gradle/repositories/ng_dummy_ng/net/neoforged/neoforge/21.11.42/neoforge-21.11.42.jar > net.neoforged.neoforge-coremods-21.11.42.jar)
[27avr.2026 19:33:56.070] [main/DEBUG] [mixin/]: Processing prepare() for PlatformAgent[MixinPlatformAgentDefault:composite(filtered(jar(C:/Users/Gaspard du Reau/Documents/java for mc/DescendreNeoForge/.gradle/repositories/ng_dummy_ng/net/neoforged/neoforge/21.11.42/neoforge-21.11.42.jar))) > jar(C:/Users/Gaspard du Reau/Documents/java for mc/DescendreNeoForge/.gradle/repositories/ng_dummy_ng/net/neoforged/neoforge/21.11.42/neoforge-21.11.42.jar > net.neoforged.neoforge-coremods-21.11.42.jar)]
[27avr.2026 19:33:56.070] [main/DEBUG] [mixin/]: Processing prepare() for PlatformAgent[MixinPlatformAgentDefault:composite(filtered(jar(C:/Users/Gaspard du Reau/Documents/java for mc/DescendreNeoForge/.gradle/repositories/ng_dummy_ng/net/neoforged/neoforge/21.11.42/neoforge-21.11.42.jar))) > jar(C:/Users/Gaspard du Reau/Documents/java for mc/DescendreNeoForge/.gradle/repositories/ng_dummy_ng/net/neoforged/neoforge/21.11.42/neoforge-21.11.42.jar > net.neoforged.neoforge-coremods-21.11.42.jar)]
[27avr.2026 19:33:56.071] [main/DEBUG] [mixin/]: Adding agents for Mixin Container jar(C:/Users/Gaspard du Reau/.gradle/caches/modules-2/files-2.1/io.github.llamalad7/mixinextras-neoforge/0.5.3/a0919957808de97707c5fb4ce073e66aeef3e187/mixinextras-neoforge-0.5.3.jar)
[27avr.2026 19:33:56.071] [main/DEBUG] [mixin/]: Adding mixin platform agents for container jar(C:/Users/Gaspard du Reau/.gradle/caches/modules-2/files-2.1/io.github.llamalad7/mixinextras-neoforge/0.5.3/a0919957808de97707c5fb4ce073e66aeef3e187/mixinextras-neoforge-0.5.3.jar)
[27avr.2026 19:33:56.071] [main/DEBUG] [mixin/]: Instancing new MixinPlatformAgentDefault for jar(C:/Users/Gaspard du Reau/.gradle/caches/modules-2/files-2.1/io.github.llamalad7/mixinextras-neoforge/0.5.3/a0919957808de97707c5fb4ce073e66aeef3e187/mixinextras-neoforge-0.5.3.jar)
[27avr.2026 19:33:56.071] [main/DEBUG] [mixin/]: MixinPlatformAgentDefault accepted container jar(C:/Users/Gaspard du Reau/.gradle/caches/modules-2/files-2.1/io.github.llamalad7/mixinextras-neoforge/0.5.3/a0919957808de97707c5fb4ce073e66aeef3e187/mixinextras-neoforge-0.5.3.jar)
[27avr.2026 19:33:56.071] [main/DEBUG] [mixin/]: Instancing new MixinPlatformAgentDefault for jar(C:/Users/Gaspard du Reau/.gradle/caches/modules-2/files-2.1/io.github.llamalad7/mixinextras-neoforge/0.5.3/a0919957808de97707c5fb4ce073e66aeef3e187/mixinextras-neoforge-0.5.3.jar)
[27avr.2026 19:33:56.071] [main/DEBUG] [mixin/]: MixinPlatformAgentDefault accepted container jar(C:/Users/Gaspard du Reau/.gradle/caches/modules-2/files-2.1/io.github.llamalad7/mixinextras-neoforge/0.5.3/a0919957808de97707c5fb4ce073e66aeef3e187/mixinextras-neoforge-0.5.3.jar)
[27avr.2026 19:33:56.071] [main/DEBUG] [mixin/]: Processing prepare() for PlatformAgent[MixinPlatformAgentDefault:jar(C:/Users/Gaspard du Reau/.gradle/caches/modules-2/files-2.1/io.github.llamalad7/mixinextras-neoforge/0.5.3/a0919957808de97707c5fb4ce073e66aeef3e187/mixinextras-neoforge-0.5.3.jar)]
[27avr.2026 19:33:56.071] [main/DEBUG] [mixin/]: Registering mixin config: mixinextras.init.mixins.json source=jar(C:/Users/Gaspard du Reau/.gradle/caches/modules-2/files-2.1/io.github.llamalad7/mixinextras-neoforge/0.5.3/a0919957808de97707c5fb4ce073e66aeef3e187/mixinextras-neoforge-0.5.3.jar)
[27avr.2026 19:33:56.074] [main/DEBUG] [mixin/]: Processing prepare() for PlatformAgent[MixinPlatformAgentDefault:jar(C:/Users/Gaspard du Reau/.gradle/caches/modules-2/files-2.1/io.github.llamalad7/mixinextras-neoforge/0.5.3/a0919957808de97707c5fb4ce073e66aeef3e187/mixinextras-neoforge-0.5.3.jar)]
[27avr.2026 19:33:56.074] [main/DEBUG] [mixin/]: Registering mixin config: mixinextras.init.mixins.json source=jar(C:/Users/Gaspard du Reau/.gradle/caches/modules-2/files-2.1/io.github.llamalad7/mixinextras-neoforge/0.5.3/a0919957808de97707c5fb4ce073e66aeef3e187/mixinextras-neoforge-0.5.3.jar)
[27avr.2026 19:33:56.074] [main/DEBUG] [mixin/]: inject() running with 3 agents
[27avr.2026 19:33:56.074] [main/DEBUG] [mixin/]: Processing inject() for PlatformAgent[MixinPlatformAgentDefault:ContainerHandleVirtual(fml:18c85)]
[27avr.2026 19:33:56.074] [main/DEBUG] [mixin/]: Processing inject() for PlatformAgent[MixinPlatformAgentDefault:ContainerHandleVirtual(fml:18c85)]
[27avr.2026 19:33:56.074] [main/DEBUG] [mixin/]: Processing inject() for PlatformAgent[MixinPlatformAgentDefault:composite(filtered(jar(C:/Users/Gaspard du Reau/Documents/java for mc/DescendreNeoForge/.gradle/repositories/ng_dummy_ng/net/neoforged/neoforge/21.11.42/neoforge-21.11.42.jar))) > jar(C:/Users/Gaspard du Reau/Documents/java for mc/DescendreNeoForge/.gradle/repositories/ng_dummy_ng/net/neoforged/neoforge/21.11.42/neoforge-21.11.42.jar > net.neoforged.neoforge-coremods-21.11.42.jar)]
[27avr.2026 19:33:56.075] [main/DEBUG] [mixin/]: Processing inject() for PlatformAgent[MixinPlatformAgentDefault:composite(filtered(jar(C:/Users/Gaspard du Reau/Documents/java for mc/DescendreNeoForge/.gradle/repositories/ng_dummy_ng/net/neoforged/neoforge/21.11.42/neoforge-21.11.42.jar))) > jar(C:/Users/Gaspard du Reau/Documents/java for mc/DescendreNeoForge/.gradle/repositories/ng_dummy_ng/net/neoforged/neoforge/21.11.42/neoforge-21.11.42.jar > net.neoforged.neoforge-coremods-21.11.42.jar)]
[27avr.2026 19:33:56.075] [main/DEBUG] [mixin/]: Processing inject() for PlatformAgent[MixinPlatformAgentDefault:jar(C:/Users/Gaspard du Reau/.gradle/caches/modules-2/files-2.1/io.github.llamalad7/mixinextras-neoforge/0.5.3/a0919957808de97707c5fb4ce073e66aeef3e187/mixinextras-neoforge-0.5.3.jar)]
[27avr.2026 19:33:56.075] [main/DEBUG] [mixin/]: Processing inject() for PlatformAgent[MixinPlatformAgentDefault:jar(C:/Users/Gaspard du Reau/.gradle/caches/modules-2/files-2.1/io.github.llamalad7/mixinextras-neoforge/0.5.3/a0919957808de97707c5fb4ce073e66aeef3e187/mixinextras-neoforge-0.5.3.jar)]
[27avr.2026 19:33:56.081] [main/DEBUG] [mixin/]: Preparing mixins for MixinEnvironment[DEFAULT]
[27avr.2026 19:33:56.081] [main/DEBUG] [mixin/]: Selecting config descendre.mixins.json
[27avr.2026 19:33:56.091] [main/DEBUG] [mixin/]: Selecting config neoforge.mixins.json
[27avr.2026 19:33:56.091] [main/DEBUG] [mixin/]: Selecting config mixinextras.init.mixins.json
[27avr.2026 19:33:56.143] [main/DEBUG] [MixinExtras|Service/]: com.llamalad7.mixinextras.service.MixinExtrasServiceImpl(version=0.5.3) is taking over from null
[27avr.2026 19:33:56.167] [main/DEBUG] [mixin/]: Registering new injector for @Inject with org.spongepowered.asm.mixin.injection.struct.CallbackInjectionInfo
[27avr.2026 19:33:56.167] [main/DEBUG] [mixin/]: Registering new injector for @ModifyArg with org.spongepowered.asm.mixin.injection.struct.ModifyArgInjectionInfo
[27avr.2026 19:33:56.168] [main/DEBUG] [mixin/]: Registering new injector for @ModifyArgs with org.spongepowered.asm.mixin.injection.struct.ModifyArgsInjectionInfo
[27avr.2026 19:33:56.169] [main/DEBUG] [mixin/]: Registering new injector for @Redirect with org.spongepowered.asm.mixin.injection.struct.RedirectInjectionInfo
[27avr.2026 19:33:56.170] [main/DEBUG] [mixin/]: Registering new injector for @ModifyVariable with org.spongepowered.asm.mixin.injection.struct.ModifyVariableInjectionInfo
[27avr.2026 19:33:56.170] [main/DEBUG] [mixin/]: Registering new injector for @ModifyConstant with org.spongepowered.asm.mixin.injection.struct.ModifyConstantInjectionInfo
[27avr.2026 19:33:56.175] [main/DEBUG] [mixin/]: Preparing descendre.mixins.json (1)
[27avr.2026 19:33:56.200] [main/DEBUG] [mixin/]: Preparing neoforge.mixins.json (2)
[27avr.2026 19:33:56.221] [main/DEBUG] [mixin/]: Preparing mixinextras.init.mixins.json (0)
[27avr.2026 19:33:56.303] [main/INFO] [MixinExtras|Service/]: Initializing MixinExtras via com.llamalad7.mixinextras.service.MixinExtrasServiceImpl(version=0.5.3).
[27avr.2026 19:33:56.305] [main/DEBUG] [mixin/]: Registering new injector for @SugarWrapper with com.llamalad7.mixinextras.sugar.impl.SugarWrapperInjectionInfo
[27avr.2026 19:33:56.305] [main/DEBUG] [mixin/]: Registering new injector for @FactoryRedirectWrapper with com.llamalad7.mixinextras.wrapper.factory.FactoryRedirectWrapperInjectionInfo
[27avr.2026 19:33:56.305] [main/DEBUG] [mixin/]: Registering new injector for @ExpressionInjectorWrapper with com.llamalad7.mixinextras.expression.impl.wrapper.ExpressionInjectorWrapperInjectionInfo
[27avr.2026 19:33:56.312] [main/DEBUG] [mixin/]: Mixing ExtraCodecsIntRangeMixin from descendre.mixins.json into net.minecraft.util.ExtraCodecs
[27avr.2026 19:33:56.316] [main/DEBUG] [mixin/]: Renaming synthetic method lambda$descendre$range$1(IILjava/lang/Integer;)Lcom/mojang/serialization/DataResult; to md2b5c21$descendre$lambda$descendre$range$1$0 in descendre.mixins.json:ExtraCodecsIntRangeMixin from mod descendre
[27avr.2026 19:33:56.316] [main/DEBUG] [mixin/]: Renaming synthetic method lambda$descendre$range$0(Ljava/lang/Integer;II)Ljava/lang/String; to md2b5c21$descendre$lambda$descendre$range$0$1 in descendre.mixins.json:ExtraCodecsIntRangeMixin from mod descendre
[27avr.2026 19:33:56.340] [main/DEBUG] [mixin/]: descendre.mixins.json:ExtraCodecsIntRangeMixin from mod descendre->@Inject::descendre$expandMinecraftHeightRanges(IILorg/spongepowered/asm/mixin/injection/callback/CallbackInfoReturnable;)V does use it's CallbackInfoReturnable
[27avr.2026 19:33:56.420] [main/DEBUG] [io.netty.util.internal.logging.InternalLoggerFactory/]: Using SLF4J as the default logging framework
[27avr.2026 19:33:56.423] [main/DEBUG] [io.netty.util.ResourceLeakDetector/]: -Dio.netty.leakDetection.level: simple
[27avr.2026 19:33:56.423] [main/DEBUG] [io.netty.util.ResourceLeakDetector/]: -Dio.netty.leakDetection.targetRecords: 4
[27avr.2026 19:33:57.105] [Datafixer Bootstrap/INFO] [com.mojang.datafixers.DataFixerBuilder/]: 290 Datafixer optimizations took 311 milliseconds
[27avr.2026 19:33:57.222] [pool-8-thread-1/DEBUG] [mixin/]: Mixing MappedRegistryAccessor from neoforge.mixins.json into net.minecraft.core.MappedRegistry
[27avr.2026 19:33:57.965] [pool-8-thread-1/DEBUG] [mixin/]: Mixing BlockEntityTypeAccessor from neoforge.mixins.json into net.minecraft.world.level.block.entity.BlockEntityType
[27avr.2026 19:34:01.704] [main/WARN] [net.minecraft.commands.Commands/]: Ambiguity between arguments [teleport, location] and [teleport, destination] with inputs: [0.1 -0.5 .9, 0 0 0]
[27avr.2026 19:34:01.705] [main/WARN] [net.minecraft.commands.Commands/]: Ambiguity between arguments [teleport, location] and [teleport, targets] with inputs: [0.1 -0.5 .9, 0 0 0]
[27avr.2026 19:34:01.708] [main/WARN] [net.minecraft.commands.Commands/]: Ambiguity between arguments [teleport, destination] and [teleport, targets] with inputs: [Player, 0123, @e, dd12be42-52a9-4a91-a8a1-11c01849e498]
[27avr.2026 19:34:01.709] [main/WARN] [net.minecraft.commands.Commands/]: Ambiguity between arguments [teleport, targets] and [teleport, destination] with inputs: [Player, 0123, dd12be42-52a9-4a91-a8a1-11c01849e498]
[27avr.2026 19:34:01.710] [main/WARN] [net.minecraft.commands.Commands/]: Ambiguity between arguments [teleport, targets, location] and [teleport, targets, destination] with inputs: [0.1 -0.5 .9, 0 0 0]
[27avr.2026 19:34:01.711] [main/WARN] [net.minecraft.commands.Commands/]: Ambiguity between arguments [waypoint, modify, waypoint, color, reset] and [waypoint, modify, waypoint, color, color] with inputs: [reset]
[27avr.2026 19:34:01.734] [main/DEBUG] [net.neoforged.fml.ModWorkManager/LOADING]: Using 16 threads for parallel mod-loading
[27avr.2026 19:34:01.755] [main/DEBUG] [net.neoforged.fml.javafmlmod.FMLModContainer/LOADING]: Creating FMLModContainer instance for descendre with entrypoints [fr.descendre.DescendreMod]
[27avr.2026 19:34:01.760] [main/DEBUG] [net.neoforged.fml.javafmlmod.FMLModContainer/LOADING]: Creating FMLModContainer instance for neoforge with entrypoints [net.neoforged.neoforge.common.NeoForgeMod, net.neoforged.neoforge.common.OnlyInWarningsHandler, net.neoforged.neoforge.client.ClientNeoForgeMod]
[27avr.2026 19:34:01.764] [modloading-worker-0/INFO] [fr.descendre.DescendreMod/]: Descendre NeoForge loading...
[27avr.2026 19:34:01.771] [modloading-worker-0/INFO] [fr.descendre.DescendreMod/]: Descendre NeoForge loaded.
[27avr.2026 19:34:01.771] [modloading-worker-0/DEBUG] [net.neoforged.fml.javafmlmod.AutomaticEventSubscriber/LOADING]: Attempting to inject @EventBusSubscriber classes into the eventbus for descendre
[27avr.2026 19:34:01.779] [modloading-worker-0/INFO] [net.neoforged.neoforge.common.NeoForgeMod/NEOFORGE-MOD]: NeoForge mod loading, version 21.11.42, for MC 1.21.11
[27avr.2026 19:34:01.797] [modloading-worker-0/DEBUG] [net.neoforged.fml.config.ConfigTracker/CONFIG]: Config file neoforge-server.toml for neoforge tracking
[27avr.2026 19:34:01.799] [modloading-worker-0/DEBUG] [net.neoforged.fml.config.ConfigTracker/CONFIG]: Config file neoforge-common.toml for neoforge tracking
[27avr.2026 19:34:01.840] [modloading-worker-0/DEBUG] [net.neoforged.fml.config.ConfigTracker/CONFIG]: Config file neoforge-client.toml for neoforge tracking
[27avr.2026 19:34:01.852] [modloading-worker-0/DEBUG] [net.neoforged.fml.javafmlmod.AutomaticEventSubscriber/LOADING]: Attempting to inject @EventBusSubscriber classes into the eventbus for neoforge
[27avr.2026 19:34:01.852] [modloading-worker-0/DEBUG] [net.neoforged.fml.javafmlmod.AutomaticEventSubscriber/LOADING]: Scanning class net.neoforged.neoforge.attachment.AttachmentInternals for @SubscribeEvent-annotated methods
[27avr.2026 19:34:01.853] [modloading-worker-0/DEBUG] [net.neoforged.fml.javafmlmod.AutomaticEventSubscriber/LOADING]: Subscribing method public static void net.neoforged.neoforge.attachment.AttachmentInternals.onPlayerClone(net.neoforged.neoforge.event.entity.player.PlayerEvent$Clone) to the game event bus
[27avr.2026 19:34:01.853] [modloading-worker-0/DEBUG] [net.neoforged.fml.javafmlmod.AutomaticEventSubscriber/LOADING]: Subscribing method public static void net.neoforged.neoforge.attachment.AttachmentInternals.onLivingConvert(net.neoforged.neoforge.event.entity.living.LivingConversionEvent$Post) to the game event bus
[27avr.2026 19:34:01.853] [modloading-worker-0/DEBUG] [net.neoforged.fml.javafmlmod.AutomaticEventSubscriber/LOADING]: Scanning class net.neoforged.neoforge.attachment.AttachmentSync for @SubscribeEvent-annotated methods
[27avr.2026 19:34:01.856] [modloading-worker-0/DEBUG] [net.neoforged.fml.javafmlmod.AutomaticEventSubscriber/LOADING]: Subscribing method public static void net.neoforged.neoforge.attachment.AttachmentSync.onChunkSent(net.neoforged.neoforge.event.level.ChunkWatchEvent$Sent) to the game event bus
[27avr.2026 19:34:01.856] [modloading-worker-0/DEBUG] [net.neoforged.fml.javafmlmod.AutomaticEventSubscriber/LOADING]: Scanning class net.neoforged.neoforge.client.BlockEntityRenderBoundsDebugRenderer for @SubscribeEvent-annotated methods
[27avr.2026 19:34:01.858] [modloading-worker-0/DEBUG] [net.neoforged.fml.javafmlmod.AutomaticEventSubscriber/LOADING]: Subscribing method public static void net.neoforged.neoforge.client.BlockEntityRenderBoundsDebugRenderer.onRenderLevelStage(net.neoforged.neoforge.client.event.RenderLevelStageEvent$AfterEntities) to the game event bus
[27avr.2026 19:34:01.858] [modloading-worker-0/DEBUG] [net.neoforged.fml.javafmlmod.AutomaticEventSubscriber/LOADING]: Subscribing method public static void net.neoforged.neoforge.client.BlockEntityRenderBoundsDebugRenderer.onExtractLevelRenderState(net.neoforged.neoforge.client.event.ExtractLevelRenderStateEvent) to the game event bus
[27avr.2026 19:34:01.859] [modloading-worker-0/DEBUG] [net.neoforged.fml.javafmlmod.AutomaticEventSubscriber/LOADING]: Subscribing method public static void net.neoforged.neoforge.client.BlockEntityRenderBoundsDebugRenderer.onRegisterClientCommands(net.neoforged.neoforge.client.event.RegisterClientCommandsEvent) to the game event bus
[27avr.2026 19:34:01.859] [modloading-worker-0/DEBUG] [net.neoforged.fml.javafmlmod.AutomaticEventSubscriber/LOADING]: Scanning class net.neoforged.neoforge.client.NeoForgeRenderPipelines for @SubscribeEvent-annotated methods
[27avr.2026 19:34:01.870] [modloading-worker-0/DEBUG] [net.neoforged.fml.javafmlmod.AutomaticEventSubscriber/LOADING]: Subscribing method static void net.neoforged.neoforge.client.NeoForgeRenderPipelines.registerPipelines(net.neoforged.neoforge.client.event.RegisterRenderPipelinesEvent) to the event bus of mod neoforge
[27avr.2026 19:34:01.870] [modloading-worker-0/DEBUG] [net.neoforged.fml.javafmlmod.AutomaticEventSubscriber/LOADING]: Scanning class net.neoforged.neoforge.client.network.ClientPayloadHandler for @SubscribeEvent-annotated methods
[27avr.2026 19:34:01.878] [modloading-worker-0/DEBUG] [net.neoforged.fml.javafmlmod.AutomaticEventSubscriber/LOADING]: Subscribing method private static void net.neoforged.neoforge.client.network.ClientPayloadHandler.register(net.neoforged.neoforge.client.network.event.RegisterClientPayloadHandlersEvent) to the event bus of mod neoforge
[27avr.2026 19:34:01.878] [modloading-worker-0/DEBUG] [net.neoforged.fml.javafmlmod.AutomaticEventSubscriber/LOADING]: Scanning class net.neoforged.neoforge.common.MonsterRoomHooks for @SubscribeEvent-annotated methods
[27avr.2026 19:34:01.878] [modloading-worker-0/DEBUG] [net.neoforged.fml.javafmlmod.AutomaticEventSubscriber/LOADING]: Subscribing method public static void net.neoforged.neoforge.common.MonsterRoomHooks.onDataMapsUpdated(net.neoforged.neoforge.registries.datamaps.DataMapsUpdatedEvent) to the game event bus
[27avr.2026 19:34:01.879] [modloading-worker-0/DEBUG] [net.neoforged.fml.javafmlmod.AutomaticEventSubscriber/LOADING]: Scanning class net.neoforged.neoforge.model.data.ModelDataManager for @SubscribeEvent-annotated methods
[27avr.2026 19:34:01.879] [modloading-worker-0/DEBUG] [net.neoforged.fml.javafmlmod.AutomaticEventSubscriber/LOADING]: Subscribing method public static void net.neoforged.neoforge.model.data.ModelDataManager.onChunkUnload(net.neoforged.neoforge.event.level.ChunkEvent$Unload) to the game event bus
[27avr.2026 19:34:01.879] [modloading-worker-0/DEBUG] [net.neoforged.fml.javafmlmod.AutomaticEventSubscriber/LOADING]: Scanning class net.neoforged.neoforge.network.ConfigurationInitialization for @SubscribeEvent-annotated methods
[27avr.2026 19:34:01.882] [modloading-worker-0/DEBUG] [net.neoforged.fml.javafmlmod.AutomaticEventSubscriber/LOADING]: Subscribing method private static void net.neoforged.neoforge.network.ConfigurationInitialization.configureModdedClient(net.neoforged.neoforge.network.event.RegisterConfigurationTasksEvent) to the event bus of mod neoforge
[27avr.2026 19:34:01.882] [modloading-worker-0/DEBUG] [net.neoforged.fml.javafmlmod.AutomaticEventSubscriber/LOADING]: Scanning class net.neoforged.neoforge.network.NetworkInitialization for @SubscribeEvent-annotated methods
[27avr.2026 19:34:01.882] [modloading-worker-0/DEBUG] [net.neoforged.fml.javafmlmod.AutomaticEventSubscriber/LOADING]: Subscribing method private static void net.neoforged.neoforge.network.NetworkInitialization.register(net.neoforged.neoforge.network.event.RegisterPayloadHandlersEvent) to the event bus of mod neoforge
[27avr.2026 19:34:01.882] [modloading-worker-0/DEBUG] [net.neoforged.fml.javafmlmod.AutomaticEventSubscriber/LOADING]: Scanning class net.neoforged.neoforge.network.filters.GenericPacketSplitter for @SubscribeEvent-annotated methods
[27avr.2026 19:34:01.895] [modloading-worker-0/DEBUG] [io.netty.util.internal.PlatformDependent0/]: Java version: 21
[27avr.2026 19:34:01.896] [modloading-worker-0/DEBUG] [io.netty.util.internal.PlatformDependent0/]: -Dio.netty.noUnsafe: false
[27avr.2026 19:34:01.896] [modloading-worker-0/DEBUG] [io.netty.util.internal.PlatformDependent0/]: sun.misc.Unsafe.theUnsafe: available
[27avr.2026 19:34:01.897] [modloading-worker-0/DEBUG] [io.netty.util.internal.PlatformDependent0/]: sun.misc.Unsafe base methods: all available
[27avr.2026 19:34:01.897] [modloading-worker-0/DEBUG] [io.netty.util.internal.PlatformDependent0/]: java.nio.Buffer.address: available
[27avr.2026 19:34:01.898] [modloading-worker-0/DEBUG] [io.netty.util.internal.PlatformDependent0/]: java.nio.Bits.unaligned: available, true
[27avr.2026 19:34:01.899] [modloading-worker-0/DEBUG] [io.netty.util.internal.PlatformDependent0/]: java.nio.DirectByteBuffer.<init>(long, {int,long}): unavailable
[27avr.2026 19:34:01.899] [modloading-worker-0/DEBUG] [io.netty.util.internal.PlatformDependent/]: sun.misc.Unsafe: available
[27avr.2026 19:34:01.899] [modloading-worker-0/DEBUG] [io.netty.util.internal.PlatformDependent/]: -Dio.netty.tmpdir: C:\Users\GASPAR~1\AppData\Local\Temp (java.io.tmpdir)
[27avr.2026 19:34:01.899] [modloading-worker-0/DEBUG] [io.netty.util.internal.PlatformDependent/]: -Dio.netty.bitMode: 64 (sun.arch.data.model)
[27avr.2026 19:34:01.899] [modloading-worker-0/DEBUG] [io.netty.util.internal.PlatformDependent/]: Platform: Windows
[27avr.2026 19:34:01.899] [modloading-worker-0/DEBUG] [io.netty.util.internal.PlatformDependent/]: -Dio.netty.maxDirectMemory: -1 bytes
[27avr.2026 19:34:01.900] [modloading-worker-0/DEBUG] [io.netty.util.internal.CleanerJava9/]: java.nio.ByteBuffer.cleaner(): available
[27avr.2026 19:34:01.900] [modloading-worker-0/DEBUG] [io.netty.util.internal.PlatformDependent/]: -Dio.netty.noPreferDirect: false
[27avr.2026 19:34:01.901] [modloading-worker-0/DEBUG] [io.netty.util.internal.PlatformDependent/]: -Dio.netty.jfr.enabled: true
[27avr.2026 19:34:01.906] [modloading-worker-0/DEBUG] [io.netty.buffer.AbstractByteBuf/]: -Dio.netty.buffer.checkAccessible: true
[27avr.2026 19:34:01.906] [modloading-worker-0/DEBUG] [io.netty.buffer.AbstractByteBuf/]: -Dio.netty.buffer.checkBounds: true
[27avr.2026 19:34:01.906] [modloading-worker-0/DEBUG] [io.netty.util.ResourceLeakDetectorFactory/]: Loaded default ResourceLeakDetector: io.netty.util.ResourceLeakDetector@1c6490f9
[27avr.2026 19:34:01.911] [modloading-worker-0/DEBUG] [io.netty.util.internal.InternalThreadLocalMap/]: -Dio.netty.threadLocalMap.stringBuilder.initialSize: 1024
[27avr.2026 19:34:01.911] [modloading-worker-0/DEBUG] [io.netty.util.internal.InternalThreadLocalMap/]: -Dio.netty.threadLocalMap.stringBuilder.maxSize: 4096
[27avr.2026 19:34:01.912] [modloading-worker-0/DEBUG] [io.netty.buffer.AdaptiveByteBufAllocator/]: -Dio.netty.allocator.useCachedMagazinesForNonEventLoopThreads: false
[27avr.2026 19:34:01.920] [modloading-worker-0/DEBUG] [io.netty.util.Recycler/]: -Dio.netty.recycler.maxCapacityPerThread: 4096
[27avr.2026 19:34:01.920] [modloading-worker-0/DEBUG] [io.netty.util.Recycler/]: -Dio.netty.recycler.ratio: 8
[27avr.2026 19:34:01.920] [modloading-worker-0/DEBUG] [io.netty.util.Recycler/]: -Dio.netty.recycler.chunkSize: 32
[27avr.2026 19:34:01.920] [modloading-worker-0/DEBUG] [io.netty.util.Recycler/]: -Dio.netty.recycler.blocking: false
[27avr.2026 19:34:01.920] [modloading-worker-0/DEBUG] [io.netty.util.Recycler/]: -Dio.netty.recycler.batchFastThreadLocalOnly: true
[27avr.2026 19:34:01.924] [modloading-worker-0/DEBUG] [io.netty.buffer.ByteBufUtil/]: -Dio.netty.allocator.type: adaptive
[27avr.2026 19:34:01.924] [modloading-worker-0/DEBUG] [io.netty.buffer.ByteBufUtil/]: -Dio.netty.threadLocalDirectBufferSize: 0
[27avr.2026 19:34:01.924] [modloading-worker-0/DEBUG] [io.netty.buffer.ByteBufUtil/]: -Dio.netty.maxThreadLocalCharBufferSize: 16384
[27avr.2026 19:34:01.928] [modloading-worker-0/DEBUG] [net.neoforged.fml.javafmlmod.AutomaticEventSubscriber/LOADING]: Subscribing method private static void net.neoforged.neoforge.network.filters.GenericPacketSplitter.register(net.neoforged.neoforge.network.event.RegisterPayloadHandlersEvent) to the event bus of mod neoforge
[27avr.2026 19:34:02.066] [modloading-sync-worker/DEBUG] [net.neoforged.fml.config.ConfigTracker/CONFIG]: Loading configs type CLIENT
[27avr.2026 19:34:02.082] [modloading-sync-worker/DEBUG] [net.neoforged.neoforge.common.NeoForgeMod/FORGEMOD]: Loaded NeoForge config file neoforge-client.toml
[27avr.2026 19:34:02.082] [modloading-sync-worker/DEBUG] [net.neoforged.fml.config.ConfigTracker/CONFIG]: Loaded TOML config file C:\Users\Gaspard du Reau\Documents\java for mc\DescendreNeoForge\runs\client\config\neoforge-client.toml
[27avr.2026 19:34:02.087] [modloading-sync-worker/DEBUG] [net.neoforged.fml.config.ConfigTracker/CONFIG]: Watching TOML config file C:\Users\Gaspard du Reau\Documents\java for mc\DescendreNeoForge\runs\client\config\neoforge-client.toml for changes
[27avr.2026 19:34:02.087] [modloading-sync-worker/DEBUG] [net.neoforged.fml.config.ConfigTracker/CONFIG]: Loading configs type COMMON
[27avr.2026 19:34:02.088] [modloading-sync-worker/DEBUG] [net.neoforged.neoforge.common.NeoForgeMod/FORGEMOD]: Loaded NeoForge config file neoforge-common.toml
[27avr.2026 19:34:02.088] [modloading-sync-worker/DEBUG] [net.neoforged.fml.config.ConfigTracker/CONFIG]: Loaded TOML config file C:\Users\Gaspard du Reau\Documents\java for mc\DescendreNeoForge\runs\client\config\neoforge-common.toml
[27avr.2026 19:34:02.089] [modloading-sync-worker/DEBUG] [net.neoforged.fml.config.ConfigTracker/CONFIG]: Watching TOML config file C:\Users\Gaspard du Reau\Documents\java for mc\DescendreNeoForge\runs\client\config\neoforge-common.toml for changes
[27avr.2026 19:34:02.233] [Render thread/INFO] [com.mojang.authlib.yggdrasil.YggdrasilAuthenticationService/]: Environment: Environment[sessionHost=https://sessionserver.mojang.com, servicesHost=https://api.minecraftservices.com, profilesHost=https://api.mojang.com, name=PROD]
[27avr.2026 19:34:02.251] [Render thread/INFO] [net.minecraft.client.Minecraft/]: Setting user: Dev
[27avr.2026 19:34:02.316] [Render thread/INFO] [net.minecraft.client.Minecraft/]: Backend library: LWJGL version 3.3.3+5
[27avr.2026 19:34:02.433] [Render thread/INFO] [net.minecraft.client.Minecraft/]: Using optional rendering extensions: GL_ARB_buffer_storage, GL_KHR_debug, GL_ARB_vertex_attrib_binding, GL_ARB_direct_state_access, GL_EXT_texture_filter_anisotropic
[27avr.2026 19:34:02.899] [Render thread/INFO] [net.minecraft.server.packs.resources.ReloadableResourceManager/]: Reloading ResourceManager: vanilla, mod_resources, mod/descendre, mod/neoforge
[27avr.2026 19:34:03.070] [Render thread/DEBUG] [net.neoforged.fml.DeferredWorkQueue/LOADING]: Dispatching synchronous work for work queue Common setup: 1 jobs
[27avr.2026 19:34:03.075] [Render thread/DEBUG] [net.neoforged.fml.DeferredWorkQueue/LOADING]: Synchronous work queue completed in 4.503 ms
[27avr.2026 19:34:03.154] [resourceLoad/INFO] [net.minecraft.client.gui.font.providers.UnihexProvider/]: Found unifont_all_no_pua-17.0.01.hex, loading
[27avr.2026 19:34:03.154] [resourceLoad/INFO] [net.minecraft.client.gui.font.providers.UnihexProvider/]: Found unifont_pua-17.0.01.hex, loading
[27avr.2026 19:34:03.257] [resourceLoad/INFO] [net.minecraft.client.gui.font.providers.UnihexProvider/]: Found unifont_jp_patch-17.0.01.hex, loading
[27avr.2026 19:34:04.429] [Render thread/INFO] [com.mojang.blaze3d.audio.Library/]: OpenAL initialized on device OpenAL Soft on Haut-parleurs (gasceinte)
[27avr.2026 19:34:04.430] [Render thread/INFO] [net.minecraft.client.sounds.SoundEngine/SOUNDS]: Sound engine started
[27avr.2026 19:34:04.430] [Render thread/INFO] [net.minecraft.client.renderer.texture.TextureAtlas/]: Created: 512x256x0 minecraft:textures/atlas/particles.png-atlas
[27avr.2026 19:34:04.440] [Render thread/INFO] [net.minecraft.client.renderer.texture.TextureAtlas/]: Created: 128x128x0 minecraft:textures/atlas/decorated_pot.png-atlas
[27avr.2026 19:34:04.441] [Render thread/INFO] [net.minecraft.client.renderer.texture.TextureAtlas/]: Created: 2048x1024x0 minecraft:textures/atlas/armor_trims.png-atlas
[27avr.2026 19:34:04.447] [Render thread/INFO] [net.minecraft.client.renderer.texture.TextureAtlas/]: Created: 512x256x0 minecraft:textures/atlas/paintings.png-atlas
[27avr.2026 19:34:04.448] [Render thread/INFO] [net.minecraft.client.renderer.texture.TextureAtlas/]: Created: 1024x512x0 minecraft:textures/atlas/shield_patterns.png-atlas
[27avr.2026 19:34:04.449] [Render thread/INFO] [net.minecraft.client.renderer.texture.TextureAtlas/]: Created: 2048x2048x4 minecraft:textures/atlas/blocks.png-atlas
[27avr.2026 19:34:04.476] [Render thread/INFO] [net.minecraft.client.renderer.texture.TextureAtlas/]: Created: 512x512x0 minecraft:textures/atlas/chest.png-atlas
[27avr.2026 19:34:04.478] [Render thread/INFO] [net.minecraft.client.renderer.texture.TextureAtlas/]: Created: 256x128x0 minecraft:textures/atlas/celestials.png-atlas
[27avr.2026 19:34:04.478] [Render thread/INFO] [net.minecraft.client.renderer.texture.TextureAtlas/]: Created: 1024x512x0 minecraft:textures/atlas/banner_patterns.png-atlas
[27avr.2026 19:34:04.479] [Render thread/INFO] [net.minecraft.client.renderer.texture.TextureAtlas/]: Created: 512x512x0 minecraft:textures/atlas/beds.png-atlas
[27avr.2026 19:34:04.481] [Render thread/INFO] [net.minecraft.client.renderer.texture.TextureAtlas/]: Created: 1024x512x0 minecraft:textures/atlas/items.png-atlas
[27avr.2026 19:34:04.494] [Render thread/INFO] [net.minecraft.client.renderer.texture.TextureAtlas/]: Created: 1024x1024x0 minecraft:textures/atlas/gui.png-atlas
[27avr.2026 19:34:04.504] [Render thread/INFO] [net.minecraft.client.renderer.texture.TextureAtlas/]: Created: 128x64x0 minecraft:textures/atlas/map_decorations.png-atlas
[27avr.2026 19:34:04.504] [Render thread/INFO] [net.minecraft.client.renderer.texture.TextureAtlas/]: Created: 512x256x0 minecraft:textures/atlas/signs.png-atlas
[27avr.2026 19:34:04.504] [Render thread/INFO] [net.minecraft.client.renderer.texture.TextureAtlas/]: Created: 512x512x0 minecraft:textures/atlas/shulker_boxes.png-atlas
[27avr.2026 19:34:04.591] [Render thread/INFO] [net.neoforged.neoforge.client.entity.animation.json.AnimationLoader/]: Loaded 0 entity animations
[27avr.2026 19:34:04.736] [Render thread/DEBUG] [net.neoforged.fml.classloading.transformation.ClassTransformStatistics/]: Transformed/total loaded classes: 383/7136 (5,37%) and 11 parsed for mixin
[27avr.2026 19:34:09.679] [Render thread/WARN] [net.minecraft.server.MinecraftServer/]: Missing data pack tests
[27avr.2026 19:34:10.325] [Render thread/ERROR] [net.minecraft.resources.RegistryDataLoader/]: Registry loading errors:
> Errors in registry minecraft:dimension_type:
>> Errors in element descendre:void_type:
java.lang.IllegalStateException: Failed to parse descendre:dimension_type/void_type.json from pack mod/descendre
	at TRANSFORMER/minecraft@1.21.11/net.minecraft.resources.RegistryDataLoader.loadContentsFromManager(RegistryDataLoader.java:336)
	at TRANSFORMER/minecraft@1.21.11/net.minecraft.resources.RegistryDataLoader$Loader.loadFromResources(RegistryDataLoader.java:390)
	at TRANSFORMER/minecraft@1.21.11/net.minecraft.resources.RegistryDataLoader.lambda$load$2(RegistryDataLoader.java:166)
	at TRANSFORMER/minecraft@1.21.11/net.minecraft.resources.RegistryDataLoader.lambda$load$5(RegistryDataLoader.java:195)
	at java.base/java.lang.Iterable.forEach(Iterable.java:75)
	at TRANSFORMER/minecraft@1.21.11/net.minecraft.resources.RegistryDataLoader.load(RegistryDataLoader.java:195)
	at TRANSFORMER/minecraft@1.21.11/net.minecraft.resources.RegistryDataLoader.load(RegistryDataLoader.java:166)
	at TRANSFORMER/minecraft@1.21.11/net.minecraft.server.WorldLoader.load(WorldLoader.java:45)
	at TRANSFORMER/minecraft@1.21.11/net.minecraft.client.gui.screens.worldselection.CreateWorldScreen.openCreateWorldScreen(CreateWorldScreen.java:174)
	at TRANSFORMER/minecraft@1.21.11/net.minecraft.client.gui.screens.worldselection.CreateWorldScreen.openFresh(CreateWorldScreen.java:130)
	at TRANSFORMER/minecraft@1.21.11/net.minecraft.client.gui.screens.worldselection.CreateWorldScreen.openFresh(CreateWorldScreen.java:120)
	at TRANSFORMER/minecraft@1.21.11/net.minecraft.client.gui.screens.worldselection.WorldSelectionList.handleNewLevels(WorldSelectionList.java:176)
	at TRANSFORMER/minecraft@1.21.11/net.minecraft.client.gui.screens.worldselection.WorldSelectionList.<init>(WorldSelectionList.java:130)
	at TRANSFORMER/minecraft@1.21.11/net.minecraft.client.gui.screens.worldselection.WorldSelectionList$Builder.build(WorldSelectionList.java:345)
	at TRANSFORMER/minecraft@1.21.11/net.minecraft.client.gui.screens.worldselection.SelectWorldScreen.init(SelectWorldScreen.java:79)
	at TRANSFORMER/minecraft@1.21.11/net.minecraft.client.gui.screens.Screen.init(Screen.java:331)
	at TRANSFORMER/minecraft@1.21.11/net.minecraft.client.Minecraft.setScreen(Minecraft.java:1179)
	at TRANSFORMER/minecraft@1.21.11/net.minecraft.client.gui.screens.TitleScreen.lambda$createNormalMenuOptions$9(TitleScreen.java:171)
	at TRANSFORMER/minecraft@1.21.11/net.minecraft.client.gui.components.Button.onPress(Button.java:43)
	at TRANSFORMER/minecraft@1.21.11/net.minecraft.client.gui.components.AbstractButton.onClick(AbstractButton.java:66)
	at TRANSFORMER/minecraft@1.21.11/net.minecraft.client.gui.components.AbstractWidget.mouseClicked(AbstractWidget.java:117)
	at TRANSFORMER/minecraft@1.21.11/net.minecraft.client.gui.components.events.ContainerEventHandler.mouseClicked(ContainerEventHandler.java:47)
	at TRANSFORMER/minecraft@1.21.11/net.minecraft.client.gui.screens.TitleScreen.mouseClicked(TitleScreen.java:334)
	at TRANSFORMER/minecraft@1.21.11/net.minecraft.client.MouseHandler.onButton(MouseHandler.java:113)
	at TRANSFORMER/minecraft@1.21.11/net.minecraft.client.MouseHandler.lambda$setup$4(MouseHandler.java:271)
	at TRANSFORMER/minecraft@1.21.11/net.minecraft.util.thread.BlockableEventLoop.doRunTask(BlockableEventLoop.java:157)
	at TRANSFORMER/minecraft@1.21.11/net.minecraft.util.thread.ReentrantBlockableEventLoop.doRunTask(ReentrantBlockableEventLoop.java:24)
	at TRANSFORMER/minecraft@1.21.11/net.minecraft.util.thread.BlockableEventLoop.execute(BlockableEventLoop.java:103)
	at TRANSFORMER/minecraft@1.21.11/net.minecraft.client.MouseHandler.lambda$setup$5(MouseHandler.java:271)
	at org.lwjgl.glfw.GLFWMouseButtonCallbackI.callback(GLFWMouseButtonCallbackI.java:43)
	at org.lwjgl.system.JNI.invokeV(Native Method)
	at org.lwjgl.glfw.GLFW.glfwWaitEventsTimeout(GLFW.java:3509)
	at TRANSFORMER/minecraft@1.21.11/com.mojang.blaze3d.systems.RenderSystem.limitDisplayFPS(RenderSystem.java:139)
	at TRANSFORMER/minecraft@1.21.11/net.minecraft.client.Minecraft.runTick(Minecraft.java:1362)
	at TRANSFORMER/minecraft@1.21.11/net.minecraft.client.Minecraft.run(Minecraft.java:918)
	at TRANSFORMER/minecraft@1.21.11/net.minecraft.client.main.Main.main(Main.java:229)
	at net.neoforged.fml.startup.Client.main(Client.java:19)
Caused by: java.lang.IllegalStateException: Value 20016 outside of range [0:4064]; Value 20016 outside of range [16:4064]; Value -15008 outside of range [-2032:2031]
	at com.mojang.serialization.DataResult$Error.getOrThrow(DataResult.java:287)
	at com.mojang.serialization.DataResult.getOrThrow(DataResult.java:81)
	at TRANSFORMER/minecraft@1.21.11/net.minecraft.resources.RegistryDataLoader.loadElementFromResource(RegistryDataLoader.java:306)
	at TRANSFORMER/minecraft@1.21.11/net.minecraft.resources.RegistryDataLoader.loadContentsFromManager(RegistryDataLoader.java:332)
	... 36 more

[27avr.2026 19:34:10.400] [Render thread/ERROR] [net.minecraft.util.thread.BlockableEventLoop/FATAL]: Error executing task on Client
net.minecraft.ReportedException: Registry Loading
	at TRANSFORMER/minecraft@1.21.11/net.minecraft.client.MouseHandler.onButton(MouseHandler.java:126) ~[client-1.21.11-client-extra.jar:?]
	at TRANSFORMER/minecraft@1.21.11/net.minecraft.client.MouseHandler.lambda$setup$4(MouseHandler.java:271) ~[client-1.21.11-client-extra.jar:?]
	at TRANSFORMER/minecraft@1.21.11/net.minecraft.util.thread.BlockableEventLoop.doRunTask(BlockableEventLoop.java:157) ~[client-1.21.11-client-extra.jar:?]
	at TRANSFORMER/minecraft@1.21.11/net.minecraft.util.thread.ReentrantBlockableEventLoop.doRunTask(ReentrantBlockableEventLoop.java:24) ~[client-1.21.11-client-extra.jar:?]
	at TRANSFORMER/minecraft@1.21.11/net.minecraft.util.thread.BlockableEventLoop.execute(BlockableEventLoop.java:103) ~[client-1.21.11-client-extra.jar:?]
	at TRANSFORMER/minecraft@1.21.11/net.minecraft.client.MouseHandler.lambda$setup$5(MouseHandler.java:271) ~[client-1.21.11-client-extra.jar:?]
	at org.lwjgl.glfw.GLFWMouseButtonCallbackI.callback(GLFWMouseButtonCallbackI.java:43) ~[lwjgl-glfw-3.3.3.jar:build 5]
	at org.lwjgl.system.JNI.invokeV(Native Method) ~[lwjgl-3.3.3.jar:build 5]
	at org.lwjgl.glfw.GLFW.glfwWaitEventsTimeout(GLFW.java:3509) ~[lwjgl-glfw-3.3.3.jar:build 5]
	at TRANSFORMER/minecraft@1.21.11/com.mojang.blaze3d.systems.RenderSystem.limitDisplayFPS(RenderSystem.java:139) ~[client-1.21.11-client-extra.jar:?]
	at TRANSFORMER/minecraft@1.21.11/net.minecraft.client.Minecraft.runTick(Minecraft.java:1362) [client-1.21.11-client-extra.jar:?]
	at TRANSFORMER/minecraft@1.21.11/net.minecraft.client.Minecraft.run(Minecraft.java:918) [client-1.21.11-client-extra.jar:?]
	at TRANSFORMER/minecraft@1.21.11/net.minecraft.client.main.Main.main(Main.java:229) [client-1.21.11-client-extra.jar:?]
	at net.neoforged.fml.startup.Client.main(Client.java:19) [loader-10.0.36.jar:10.0]
Caused by: java.lang.IllegalStateException: Failed to load registries due to errors
	at TRANSFORMER/minecraft@1.21.11/net.minecraft.resources.RegistryDataLoader.createReportWithBriefInfo(RegistryDataLoader.java:271) ~[client-1.21.11-client-extra.jar:?]
	at TRANSFORMER/minecraft@1.21.11/net.minecraft.resources.RegistryDataLoader.logErrors(RegistryDataLoader.java:246) ~[client-1.21.11-client-extra.jar:?]
	at TRANSFORMER/minecraft@1.21.11/net.minecraft.resources.RegistryDataLoader.load(RegistryDataLoader.java:218) ~[client-1.21.11-client-extra.jar:?]
	at TRANSFORMER/minecraft@1.21.11/net.minecraft.resources.RegistryDataLoader.load(RegistryDataLoader.java:166) ~[client-1.21.11-client-extra.jar:?]
	at TRANSFORMER/minecraft@1.21.11/net.minecraft.server.WorldLoader.load(WorldLoader.java:45) ~[client-1.21.11-client-extra.jar:?]
	at TRANSFORMER/minecraft@1.21.11/net.minecraft.client.gui.screens.worldselection.CreateWorldScreen.openCreateWorldScreen(CreateWorldScreen.java:174) ~[client-1.21.11-client-extra.jar:?]
	at TRANSFORMER/minecraft@1.21.11/net.minecraft.client.gui.screens.worldselection.CreateWorldScreen.openFresh(CreateWorldScreen.java:130) ~[client-1.21.11-client-extra.jar:?]
	at TRANSFORMER/minecraft@1.21.11/net.minecraft.client.gui.screens.worldselection.CreateWorldScreen.openFresh(CreateWorldScreen.java:120) ~[client-1.21.11-client-extra.jar:?]
	at TRANSFORMER/minecraft@1.21.11/net.minecraft.client.gui.screens.worldselection.WorldSelectionList.handleNewLevels(WorldSelectionList.java:176) ~[client-1.21.11-client-extra.jar:?]
	at TRANSFORMER/minecraft@1.21.11/net.minecraft.client.gui.screens.worldselection.WorldSelectionList.<init>(WorldSelectionList.java:130) ~[client-1.21.11-client-extra.jar:?]
	at TRANSFORMER/minecraft@1.21.11/net.minecraft.client.gui.screens.worldselection.WorldSelectionList$Builder.build(WorldSelectionList.java:345) ~[client-1.21.11-client-extra.jar:?]
	at TRANSFORMER/minecraft@1.21.11/net.minecraft.client.gui.screens.worldselection.SelectWorldScreen.init(SelectWorldScreen.java:79) ~[client-1.21.11-client-extra.jar:?]
	at TRANSFORMER/minecraft@1.21.11/net.minecraft.client.gui.screens.Screen.init(Screen.java:331) ~[client-1.21.11-client-extra.jar:?]
	at TRANSFORMER/minecraft@1.21.11/net.minecraft.client.Minecraft.setScreen(Minecraft.java:1179) [client-1.21.11-client-extra.jar:?]
	at TRANSFORMER/minecraft@1.21.11/net.minecraft.client.gui.screens.TitleScreen.lambda$createNormalMenuOptions$9(TitleScreen.java:171) ~[client-1.21.11-client-extra.jar:?]
	at TRANSFORMER/minecraft@1.21.11/net.minecraft.client.gui.components.Button.onPress(Button.java:43) ~[client-1.21.11-client-extra.jar:?]
	at TRANSFORMER/minecraft@1.21.11/net.minecraft.client.gui.components.AbstractButton.onClick(AbstractButton.java:66) ~[client-1.21.11-client-extra.jar:?]
	at TRANSFORMER/minecraft@1.21.11/net.minecraft.client.gui.components.AbstractWidget.mouseClicked(AbstractWidget.java:117) ~[client-1.21.11-client-extra.jar:?]
	at TRANSFORMER/minecraft@1.21.11/net.minecraft.client.gui.components.events.ContainerEventHandler.mouseClicked(ContainerEventHandler.java:47) ~[client-1.21.11-client-extra.jar:?]
	at TRANSFORMER/minecraft@1.21.11/net.minecraft.client.gui.screens.TitleScreen.mouseClicked(TitleScreen.java:334) ~[client-1.21.11-client-extra.jar:?]
	at TRANSFORMER/minecraft@1.21.11/net.minecraft.client.MouseHandler.onButton(MouseHandler.java:113) ~[client-1.21.11-client-extra.jar:?]
	... 13 more
[27avr.2026 19:36:33.442] [Render thread/DEBUG] [net.neoforged.fml.classloading.transformation.ClassTransformStatistics/]: Transformed/total loaded classes: 385/7303 (5,27%) and 11 parsed for mixin
[27avr.2026 19:36:33.460] [Render thread/INFO] [net.minecraft.client.Minecraft/]: Stopping!
