[09mai2026 19:09:41.231] [main/INFO] [net.neoforged.fml.startup.Entrypoint/]: JVM Uptime at startup: 103ms
[09mai2026 19:09:41.238] [main/INFO] [net.neoforged.fml.loading.FMLLoader/]: Starting FancyModLoader version 10.0.36 (CLIENT in DEV)
[09mai2026 19:09:41.238] [main/INFO] [net.neoforged.fml.loading.FMLLoader/]: Game directory: C:\Users\Gaspard du Reau\Documents\java for mc\DescendreNeoForge\runs\client
[09mai2026 19:09:41.285] [main/INFO] [net.neoforged.fml.loading.EarlyServiceDiscovery/]: Found 2 early service jars (out of 108) in 21ms
[09mai2026 19:09:41.285] [main/INFO] [net.neoforged.fml.loading.FMLLoader/]: Loading FML Early Services:
[09mai2026 19:09:41.286] [main/INFO] [net.neoforged.fml.loading.FMLLoader/]:  - C:/Users/Gaspard du Reau/.gradle/caches/modules-2/files-2.1/net.neoforged.fancymodloader/earlydisplay/10.0.36/dbd0e11d545443f602addede111c39d9639708f9/earlydisplay-10.0.36.jar
[09mai2026 19:09:41.286] [main/INFO] [net.neoforged.fml.loading.FMLLoader/]:  - C:/Users/Gaspard du Reau/.gradle/caches/modules-2/files-2.1/net.neoforged.fancymodloader/loader/10.0.36/f72ab4d3e755fe736829883d90430a281527aca/loader-10.0.36.jar
[09mai2026 19:09:41.289] [main/INFO] [net.neoforged.fml.loading.ImmediateWindowHandler/]: Loading ImmediateWindowProvider fmlearlywindow
[09mai2026 19:09:41.687] [ForkJoinPool.commonPool-worker-13/INFO] [net.neoforged.fml.loading.moddiscovery.locators.GameLocator/]: Detected a joined NeoForge and Minecraft configuration. Applying filtering...
[09mai2026 19:09:41.768] [ForkJoinPool.commonPool-worker-13/INFO] [net.neoforged.fml.loading.moddiscovery.locators.InDevFolderLocator/CORE]: Got mod coordinates DescendreNeoForge%%C:\Users\Gaspard du Reau\Documents\java for mc\DescendreNeoForge\build\resources\main;DescendreNeoForge%%C:\Users\Gaspard du Reau\Documents\java for mc\DescendreNeoForge\build\classes\java\main from env
[09mai2026 19:09:41.798] [fml-loadingscreen/INFO] [net.neoforged.fml.earlydisplay.render.LoadingScreenRenderer/]: GL info: AMD Radeon RX 7900 GRE GL version 3.3.0 Core Profile Context 26.3.1.260303, ATI Technologies Inc.
[09mai2026 19:09:41.947] [ForkJoinPool.commonPool-worker-13/WARN] [net.neoforged.jarjar.selection.JarSelector/]: Attempted to select a dependency jar for JarJar which was passed in as source: library:mixinextras.neoforge. Using jar(C:/Users/Gaspard du Reau/.gradle/caches/modules-2/files-2.1/io.github.llamalad7/mixinextras-neoforge/0.5.3/a0919957808de97707c5fb4ce073e66aeef3e187/mixinextras-neoforge-0.5.3.jar)
[09mai2026 19:09:41.947] [ForkJoinPool.commonPool-worker-13/INFO] [net.neoforged.fml.loading.moddiscovery.locators.JarInJarDependencyLocator/]: Found 1 dependencies adding them to mods collection
[09mai2026 19:09:41.950] [ForkJoinPool.commonPool-worker-13/INFO] [net.neoforged.fml.loading.moddiscovery.ModDiscoverer/]: 
     Mod List:
		Name Version (Mod Id)

		Descendre 0.1.0 (descendre)
		Minecraft 1.21.11 (minecraft)
		NeoForge 21.11.42 (neoforge)
[09mai2026 19:09:42.135] [main/INFO] [mixin/]: SpongePowered MIXIN Subsystem Version=0.8.7 Source=file:/C:/Users/Gaspard%20du%20Reau/.gradle/caches/modules-2/files-2.1/net.fabricmc/sponge-mixin/0.16.5+mixin.0.8.7/80fc3a9f592673cea87f4cd702f87991c6c9fe4d/sponge-mixin-0.16.5+mixin.0.8.7.jar Service=FML Env=CLIENT
[09mai2026 19:09:42.182] [main/INFO] [net.neoforged.fml.loading.FMLLoader/]: Loading FML Plugins:
[09mai2026 19:09:42.183] [main/INFO] [net.neoforged.fml.loading.FMLLoader/]:  - C:/Users/Gaspard du Reau/Documents/java for mc/DescendreNeoForge/.gradle/repositories/ng_dummy_ng/net/neoforged/neoforge/21.11.42/neoforge-21.11.42.jar > net.neoforged.neoforge-coremods-21.11.42.jar
[09mai2026 19:09:42.311] [main/INFO] [net.neoforged.fml.loading.FMLLoader/]: Building game content classloader:
 - descendre (composite(folder(C:/Users/Gaspard du Reau/Documents/java for mc/DescendreNeoForge/build/resources/main), folder(C:/Users/Gaspard du Reau/Documents/java for mc/DescendreNeoForge/build/classes/java/main)))
 - minecraft (composite(jar(C:/Users/Gaspard du Reau/Documents/java for mc/DescendreNeoForge/.gradle/repositories/ng_dummy_ng/net/minecraft/client/1.21.11/client-1.21.11-client-extra.jar), filtered(jar(C:/Users/Gaspard du Reau/Documents/java for mc/DescendreNeoForge/.gradle/repositories/ng_dummy_ng/net/neoforged/neoforge/21.11.42/neoforge-21.11.42.jar))))
 - mixinextras.neoforge (jar(C:/Users/Gaspard du Reau/.gradle/caches/modules-2/files-2.1/io.github.llamalad7/mixinextras-neoforge/0.5.3/a0919957808de97707c5fb4ce073e66aeef3e187/mixinextras-neoforge-0.5.3.jar))
 - neoforge (composite(filtered(jar(C:/Users/Gaspard du Reau/Documents/java for mc/DescendreNeoForge/.gradle/repositories/ng_dummy_ng/net/neoforged/neoforge/21.11.42/neoforge-21.11.42.jar))))
 - net.neoforged.fml.generated (empty(VirtualJar/net.neoforged.fml.generated))
[09mai2026 19:09:42.328] [main/INFO] [net.neoforged.fml.loading.FMLLoader/]: Built game content classloader in 27ms
[09mai2026 19:09:43.544] [Datafixer Bootstrap/INFO] [com.mojang.datafixers.DataFixerBuilder/]: 290 Datafixer optimizations took 285 milliseconds
[09mai2026 19:09:43.717] [pool-8-thread-1/INFO] [MixinExtras|Service/]: Initializing MixinExtras via com.llamalad7.mixinextras.service.MixinExtrasServiceImpl(version=0.5.3).
[09mai2026 19:09:47.971] [main/WARN] [net.minecraft.commands.Commands/]: Ambiguity between arguments [teleport, location] and [teleport, destination] with inputs: [0.1 -0.5 .9, 0 0 0]
[09mai2026 19:09:47.972] [main/WARN] [net.minecraft.commands.Commands/]: Ambiguity between arguments [teleport, location] and [teleport, targets] with inputs: [0.1 -0.5 .9, 0 0 0]
[09mai2026 19:09:47.974] [main/WARN] [net.minecraft.commands.Commands/]: Ambiguity between arguments [teleport, destination] and [teleport, targets] with inputs: [Player, 0123, @e, dd12be42-52a9-4a91-a8a1-11c01849e498]
[09mai2026 19:09:47.974] [main/WARN] [net.minecraft.commands.Commands/]: Ambiguity between arguments [teleport, targets] and [teleport, destination] with inputs: [Player, 0123, dd12be42-52a9-4a91-a8a1-11c01849e498]
[09mai2026 19:09:47.975] [main/WARN] [net.minecraft.commands.Commands/]: Ambiguity between arguments [teleport, targets, location] and [teleport, targets, destination] with inputs: [0.1 -0.5 .9, 0 0 0]
[09mai2026 19:09:47.976] [main/WARN] [net.minecraft.commands.Commands/]: Ambiguity between arguments [waypoint, modify, waypoint, color, reset] and [waypoint, modify, waypoint, color, color] with inputs: [reset]
[09mai2026 19:09:48.026] [modloading-worker-0/INFO] [net.neoforged.neoforge.common.NeoForgeMod/NEOFORGE-MOD]: NeoForge mod loading, version 21.11.42, for MC 1.21.11
[09mai2026 19:09:48.426] [Render thread/INFO] [com.mojang.authlib.yggdrasil.YggdrasilAuthenticationService/]: Environment: Environment[sessionHost=https://sessionserver.mojang.com, servicesHost=https://api.minecraftservices.com, profilesHost=https://api.mojang.com, name=PROD]
[09mai2026 19:09:48.439] [Render thread/INFO] [net.minecraft.client.Minecraft/]: Setting user: Dev
[09mai2026 19:09:48.497] [Render thread/INFO] [net.minecraft.client.Minecraft/]: Backend library: LWJGL version 3.3.3+5
[09mai2026 19:09:48.595] [Render thread/INFO] [net.minecraft.client.Minecraft/]: Using optional rendering extensions: GL_ARB_buffer_storage, GL_KHR_debug, GL_ARB_vertex_attrib_binding, GL_ARB_direct_state_access, GL_EXT_texture_filter_anisotropic
[09mai2026 19:09:49.032] [Render thread/INFO] [net.minecraft.server.packs.resources.ReloadableResourceManager/]: Reloading ResourceManager: vanilla, mod_resources, mod/descendre, mod/neoforge
[09mai2026 19:09:49.283] [resourceLoad/INFO] [net.minecraft.client.gui.font.providers.UnihexProvider/]: Found unifont_all_no_pua-17.0.01.hex, loading
[09mai2026 19:09:49.283] [resourceLoad/INFO] [net.minecraft.client.gui.font.providers.UnihexProvider/]: Found unifont_pua-17.0.01.hex, loading
[09mai2026 19:09:49.333] [resourceLoad/INFO] [net.minecraft.client.gui.font.providers.UnihexProvider/]: Found unifont_jp_patch-17.0.01.hex, loading
[09mai2026 19:09:50.382] [Render thread/INFO] [com.mojang.blaze3d.audio.Library/]: OpenAL initialized on device OpenAL Soft on Haut-parleurs (gasceinte)
[09mai2026 19:09:50.384] [Render thread/INFO] [net.minecraft.client.sounds.SoundEngine/SOUNDS]: Sound engine started
[09mai2026 19:09:50.384] [Render thread/INFO] [net.minecraft.client.renderer.texture.TextureAtlas/]: Created: 512x256x0 minecraft:textures/atlas/particles.png-atlas
[09mai2026 19:09:50.394] [Render thread/INFO] [net.minecraft.client.renderer.texture.TextureAtlas/]: Created: 128x128x0 minecraft:textures/atlas/decorated_pot.png-atlas
[09mai2026 19:09:50.394] [Render thread/INFO] [net.minecraft.client.renderer.texture.TextureAtlas/]: Created: 2048x1024x0 minecraft:textures/atlas/armor_trims.png-atlas
[09mai2026 19:09:50.402] [Render thread/INFO] [net.minecraft.client.renderer.texture.TextureAtlas/]: Created: 512x256x0 minecraft:textures/atlas/paintings.png-atlas
[09mai2026 19:09:50.404] [Render thread/INFO] [net.minecraft.client.renderer.texture.TextureAtlas/]: Created: 1024x512x0 minecraft:textures/atlas/shield_patterns.png-atlas
[09mai2026 19:09:50.404] [Render thread/INFO] [net.minecraft.client.renderer.texture.TextureAtlas/]: Created: 1024x1024x2 minecraft:textures/atlas/blocks.png-atlas
[09mai2026 19:09:50.423] [Render thread/INFO] [net.minecraft.client.renderer.texture.TextureAtlas/]: Created: 512x512x0 minecraft:textures/atlas/chest.png-atlas
[09mai2026 19:09:50.424] [Render thread/INFO] [net.minecraft.client.renderer.texture.TextureAtlas/]: Created: 256x128x0 minecraft:textures/atlas/celestials.png-atlas
[09mai2026 19:09:50.424] [Render thread/INFO] [net.minecraft.client.renderer.texture.TextureAtlas/]: Created: 1024x512x0 minecraft:textures/atlas/banner_patterns.png-atlas
[09mai2026 19:09:50.424] [Render thread/INFO] [net.minecraft.client.renderer.texture.TextureAtlas/]: Created: 512x512x0 minecraft:textures/atlas/beds.png-atlas
[09mai2026 19:09:50.425] [Render thread/INFO] [net.minecraft.client.renderer.texture.TextureAtlas/]: Created: 1024x512x0 minecraft:textures/atlas/items.png-atlas
[09mai2026 19:09:50.430] [Render thread/INFO] [net.minecraft.client.renderer.texture.TextureAtlas/]: Created: 1024x1024x0 minecraft:textures/atlas/gui.png-atlas
[09mai2026 19:09:50.437] [Render thread/INFO] [net.minecraft.client.renderer.texture.TextureAtlas/]: Created: 128x64x0 minecraft:textures/atlas/map_decorations.png-atlas
[09mai2026 19:09:50.437] [Render thread/INFO] [net.minecraft.client.renderer.texture.TextureAtlas/]: Created: 512x256x0 minecraft:textures/atlas/signs.png-atlas
[09mai2026 19:09:50.437] [Render thread/INFO] [net.minecraft.client.renderer.texture.TextureAtlas/]: Created: 512x512x0 minecraft:textures/atlas/shulker_boxes.png-atlas
[09mai2026 19:09:50.533] [Render thread/INFO] [net.neoforged.neoforge.client.entity.animation.json.AnimationLoader/]: Loaded 0 entity animations
[09mai2026 19:09:55.788] [Render thread/INFO] [net.minecraft.client.renderer.DynamicUniformStorage/]: Resizing Dynamic Transforms UBO, capacity limit of 2 reached during a single frame. New capacity will be 4.
[09mai2026 19:09:56.931] [Render thread/INFO] [net.minecraft.world.item.crafting.RecipeManager/]: Loaded 1470 recipes
[09mai2026 19:09:56.941] [Render thread/INFO] [net.minecraft.advancements.AdvancementTree/]: Loaded 1584 advancements
[09mai2026 19:09:56.943] [Render thread/INFO] [net.neoforged.neoforge.common.crafting.RecipePriorityManager/]: Loaded 0 recipe priority overrides
[09mai2026 19:09:57.086] [Server thread/INFO] [net.minecraft.client.server.IntegratedServer/]: Starting integrated minecraft server version 1.21.11
[09mai2026 19:09:57.087] [Server thread/INFO] [net.minecraft.server.MinecraftServer/]: Generating keypair
[09mai2026 19:09:57.475] [Server thread/INFO] [net.minecraft.server.level.progress.LoggingLevelLoadListener/]: Loading 0 persistent chunks...
[09mai2026 19:09:57.475] [Server thread/INFO] [net.minecraft.server.level.progress.LoggingLevelLoadListener/]: Preparing spawn area: 16%
[09mai2026 19:09:57.490] [Server thread/INFO] [net.neoforged.neoforge.server.permission.PermissionAPI/]: Successfully initialized permission handler neoforge:default_handler
[09mai2026 19:09:57.871] [Server thread/INFO] [net.minecraft.server.level.progress.LoggingLevelLoadListener/]: Loading 49 chunks for player spawn...
[09mai2026 19:09:57.993] [Server thread/INFO] [net.minecraft.server.level.progress.LoggingLevelLoadListener/]: Preparing spawn area: 18%
[09mai2026 19:09:58.043] [Server thread/INFO] [net.minecraft.server.level.progress.LoggingLevelLoadListener/]: Time elapsed: 568 ms
[09mai2026 19:09:58.243] [Server thread/INFO] [net.minecraft.server.players.PlayerList/]: Dev[local:E:66bb86d6] logged in with entity id 1 at (-0.734016501573574, -9997.4375, 1.1738924410401923)
[09mai2026 19:09:58.299] [Server thread/INFO] [net.minecraft.server.MinecraftServer/]: Dev joined the game
[09mai2026 19:09:58.536] [Server thread/INFO] [net.minecraft.client.server.IntegratedServer/]: Changing view distance to 8, from 10
[09mai2026 19:09:58.541] [Server thread/INFO] [net.minecraft.client.server.IntegratedServer/]: Changing simulation distance to 6, from 0
[09mai2026 19:09:58.550] [Render thread/WARN] [net.minecraft.client.multiplayer.ClientPacketListener/]: Ignoring chat session from Dev due to missing Services public key
[09mai2026 19:09:58.553] [Render thread/INFO] [net.minecraft.advancements.AdvancementTree/]: Loaded 33 advancements
[09mai2026 19:09:58.712] [Render thread/INFO] [net.minecraft.client.renderer.DynamicUniformStorage/]: Resizing Dynamic Transforms UBO, capacity limit of 4 reached during a single frame. New capacity will be 8.
[09mai2026 19:10:14.715] [Render thread/INFO] [net.minecraft.client.renderer.DynamicUniformStorage/]: Resizing Dynamic Transforms UBO, capacity limit of 8 reached during a single frame. New capacity will be 16.
[09mai2026 19:10:24.799] [Render thread/INFO] [net.minecraft.client.gui.components.ChatComponent/]: [System] [CHAT] Respawn point set
[09mai2026 19:10:27.144] [Server thread/INFO] [net.minecraft.client.server.IntegratedServer/]: Saving and pausing game...
[09mai2026 19:10:27.165] [Server thread/INFO] [net.minecraft.server.MinecraftServer/]: Saving chunks for level 'ServerLevel[New World]'/minecraft:overworld
[09mai2026 19:10:27.280] [Server thread/INFO] [net.minecraft.server.MinecraftServer/]: Saving chunks for level 'ServerLevel[New World]'/minecraft:the_end
[09mai2026 19:10:27.386] [Server thread/INFO] [net.minecraft.server.MinecraftServer/]: Saving chunks for level 'ServerLevel[New World]'/descendre:void
[09mai2026 19:10:27.500] [Server thread/INFO] [net.minecraft.server.MinecraftServer/]: Saving chunks for level 'ServerLevel[New World]'/minecraft:the_nether
[09mai2026 19:11:12.894] [Server thread/INFO] [net.minecraft.client.server.IntegratedServer/]: Saving and pausing game...
[09mai2026 19:11:12.910] [Server thread/INFO] [net.minecraft.server.MinecraftServer/]: Saving chunks for level 'ServerLevel[New World]'/minecraft:overworld
[09mai2026 19:11:13.037] [Server thread/INFO] [net.minecraft.server.MinecraftServer/]: Saving chunks for level 'ServerLevel[New World]'/minecraft:the_end
[09mai2026 19:11:13.162] [Server thread/INFO] [net.minecraft.server.MinecraftServer/]: Saving chunks for level 'ServerLevel[New World]'/descendre:void
[09mai2026 19:11:13.289] [Server thread/INFO] [net.minecraft.server.MinecraftServer/]: Saving chunks for level 'ServerLevel[New World]'/minecraft:the_nether
[09mai2026 19:11:42.382] [Render thread/INFO] [net.minecraft.client.Minecraft/]: Stopping!
[09mai2026 19:11:42.393] [Server thread/INFO] [net.minecraft.server.network.ServerGamePacketListenerImpl/]: Dev lost connection: Disconnected
[09mai2026 19:11:42.393] [Server thread/INFO] [net.minecraft.server.MinecraftServer/]: Dev left the game
[09mai2026 19:11:42.414] [Server thread/INFO] [net.minecraft.server.network.ServerCommonPacketListenerImpl/]: Stopping singleplayer server as player logged out
[09mai2026 19:11:42.665] [Server thread/INFO] [net.minecraft.server.MinecraftServer/]: Stopping server
[09mai2026 19:11:42.665] [Server thread/INFO] [net.minecraft.server.MinecraftServer/]: Saving players
[09mai2026 19:11:42.666] [Server thread/INFO] [net.minecraft.server.MinecraftServer/]: Saving worlds
[09mai2026 19:11:42.689] [Server thread/INFO] [net.minecraft.server.MinecraftServer/]: Saving chunks for level 'ServerLevel[New World]'/minecraft:overworld
[09mai2026 19:11:42.705] [Server thread/INFO] [net.minecraft.server.MinecraftServer/]: Saving chunks for level 'ServerLevel[New World]'/minecraft:the_end
[09mai2026 19:11:42.719] [Server thread/INFO] [net.minecraft.server.MinecraftServer/]: Saving chunks for level 'ServerLevel[New World]'/descendre:void
[09mai2026 19:11:42.750] [Server thread/INFO] [net.minecraft.server.MinecraftServer/]: Saving chunks for level 'ServerLevel[New World]'/minecraft:the_nether
[09mai2026 19:11:42.775] [Server thread/INFO] [net.minecraft.server.MinecraftServer/]: ThreadedAnvilChunkStorage (New World): All chunks are saved
[09mai2026 19:11:42.775] [Server thread/INFO] [net.minecraft.server.MinecraftServer/]: ThreadedAnvilChunkStorage (DIM1): All chunks are saved
[09mai2026 19:11:42.775] [Server thread/INFO] [net.minecraft.server.MinecraftServer/]: ThreadedAnvilChunkStorage (void): All chunks are saved
[09mai2026 19:11:42.775] [Server thread/INFO] [net.minecraft.server.MinecraftServer/]: ThreadedAnvilChunkStorage (DIM-1): All chunks are saved
[09mai2026 19:11:42.775] [Server thread/INFO] [net.minecraft.server.MinecraftServer/]: ThreadedAnvilChunkStorage: All dimensions are saved
